Archive member included to satisfy reference by file (symbol)

c:/progra~2/armgnu~1/1213fb~1.2mp/bin/../lib/gcc/arm-none-eabi/12.2.0/thumb/v6-m/nofp\libgcc.a(_dvmd_tls.o)
                              CMakeFiles/led.dir/C_/Users/zlhgl/ese5190_lab2/pico/Downloads/pico-sdk/src/rp2_common/pico_divider/divider.S.obj (__aeabi_idiv0)
c:/progra~2/armgnu~1/1213fb~1.2mp/bin/../lib/gcc/arm-none-eabi/12.2.0/thumb/v6-m/nofp\libg.a(libc_a-calloc.o)
                              CMakeFiles/led.dir/C_/Users/zlhgl/ese5190_lab2/pico/Downloads/pico-sdk/src/rp2_common/pico_malloc/pico_malloc.c.obj (calloc)
c:/progra~2/armgnu~1/1213fb~1.2mp/bin/../lib/gcc/arm-none-eabi/12.2.0/thumb/v6-m/nofp\libg.a(libc_a-callocr.o)
                              c:/progra~2/armgnu~1/1213fb~1.2mp/bin/../lib/gcc/arm-none-eabi/12.2.0/thumb/v6-m/nofp\libg.a(libc_a-calloc.o) (_calloc_r)
c:/progra~2/armgnu~1/1213fb~1.2mp/bin/../lib/gcc/arm-none-eabi/12.2.0/thumb/v6-m/nofp\libg.a(libc_a-malloc.o)
                              CMakeFiles/led.dir/C_/Users/zlhgl/ese5190_lab2/pico/Downloads/pico-sdk/src/rp2_common/pico_malloc/pico_malloc.c.obj (malloc)
c:/progra~2/armgnu~1/1213fb~1.2mp/bin/../lib/gcc/arm-none-eabi/12.2.0/thumb/v6-m/nofp\libg.a(libc_a-mallocr.o)
                              c:/progra~2/armgnu~1/1213fb~1.2mp/bin/../lib/gcc/arm-none-eabi/12.2.0/thumb/v6-m/nofp\libg.a(libc_a-callocr.o) (_malloc_r)
c:/progra~2/armgnu~1/1213fb~1.2mp/bin/../lib/gcc/arm-none-eabi/12.2.0/thumb/v6-m/nofp\libg.a(libc_a-mlock.o)
                              c:/progra~2/armgnu~1/1213fb~1.2mp/bin/../lib/gcc/arm-none-eabi/12.2.0/thumb/v6-m/nofp\libg.a(libc_a-mallocr.o) (__malloc_lock)
c:/progra~2/armgnu~1/1213fb~1.2mp/bin/../lib/gcc/arm-none-eabi/12.2.0/thumb/v6-m/nofp\libg.a(libc_a-realloc.o)
                              CMakeFiles/led.dir/C_/Users/zlhgl/ese5190_lab2/pico/Downloads/pico-sdk/src/rp2_common/pico_malloc/pico_malloc.c.obj (realloc)
c:/progra~2/armgnu~1/1213fb~1.2mp/bin/../lib/gcc/arm-none-eabi/12.2.0/thumb/v6-m/nofp\libg.a(libc_a-reallocr.o)
                              c:/progra~2/armgnu~1/1213fb~1.2mp/bin/../lib/gcc/arm-none-eabi/12.2.0/thumb/v6-m/nofp\libg.a(libc_a-realloc.o) (_realloc_r)
c:/progra~2/armgnu~1/1213fb~1.2mp/bin/../lib/gcc/arm-none-eabi/12.2.0/thumb/v6-m/nofp\libg.a(libc_a-ctype_.o)
                              CMakeFiles/led.dir/C_/Users/zlhgl/ese5190_lab2/pico/Downloads/pico-sdk/lib/tinyusb/src/tusb.c.obj (_ctype_)
c:/progra~2/armgnu~1/1213fb~1.2mp/bin/../lib/gcc/arm-none-eabi/12.2.0/thumb/v6-m/nofp\libg.a(libc_a-memmove.o)
                              c:/progra~2/armgnu~1/1213fb~1.2mp/bin/../lib/gcc/arm-none-eabi/12.2.0/thumb/v6-m/nofp\libg.a(libc_a-reallocr.o) (memmove)
c:/progra~2/armgnu~1/1213fb~1.2mp/bin/../lib/gcc/arm-none-eabi/12.2.0/thumb/v6-m/nofp\libg.a(libc_a-impure.o)
                              c:/progra~2/armgnu~1/1213fb~1.2mp/bin/../lib/gcc/arm-none-eabi/12.2.0/thumb/v6-m/nofp\libg.a(libc_a-calloc.o) (_impure_ptr)
c:/progra~2/armgnu~1/1213fb~1.2mp/bin/../lib/gcc/arm-none-eabi/12.2.0/thumb/v6-m/nofp\libg.a(libc_a-sbrkr.o)
                              c:/progra~2/armgnu~1/1213fb~1.2mp/bin/../lib/gcc/arm-none-eabi/12.2.0/thumb/v6-m/nofp\libg.a(libc_a-mallocr.o) (_sbrk_r)
c:/progra~2/armgnu~1/1213fb~1.2mp/bin/../lib/gcc/arm-none-eabi/12.2.0/thumb/v6-m/nofp\libg.a(libc_a-errno.o)
                              c:/progra~2/armgnu~1/1213fb~1.2mp/bin/../lib/gcc/arm-none-eabi/12.2.0/thumb/v6-m/nofp\libg.a(libc_a-callocr.o) (__errno)
c:/progra~2/armgnu~1/1213fb~1.2mp/bin/../lib/gcc/arm-none-eabi/12.2.0/thumb/v6-m/nofp\libg.a(libc_a-init.o)
                              c:/progra~2/armgnu~1/1213fb~1.2mp/bin/../lib/gcc/arm-none-eabi/12.2.0/thumb/v6-m/nofp/crt0.o (__libc_init_array)
c:/progra~2/armgnu~1/1213fb~1.2mp/bin/../lib/gcc/arm-none-eabi/12.2.0/thumb/v6-m/nofp\libg.a(libc_a-lock.o)
                              c:/progra~2/armgnu~1/1213fb~1.2mp/bin/../lib/gcc/arm-none-eabi/12.2.0/thumb/v6-m/nofp\libg.a(libc_a-mlock.o) (__retarget_lock_acquire_recursive)
c:/progra~2/armgnu~1/1213fb~1.2mp/bin/../lib/gcc/arm-none-eabi/12.2.0/thumb/v6-m/nofp\libg.a(libc_a-strlen-stub.o)
                              CMakeFiles/led.dir/C_/Users/zlhgl/ese5190_lab2/pico/Downloads/pico-sdk/src/rp2_common/pico_stdio/stdio.c.obj (strlen)
c:/progra~2/armgnu~1/1213fb~1.2mp/bin/../lib/gcc/arm-none-eabi/12.2.0/thumb/v6-m/nofp\libg.a(libc_a-freer.o)
                              c:/progra~2/armgnu~1/1213fb~1.2mp/bin/../lib/gcc/arm-none-eabi/12.2.0/thumb/v6-m/nofp\libg.a(libc_a-malloc.o) (_free_r)
c:/progra~2/armgnu~1/1213fb~1.2mp/bin/../lib/gcc/arm-none-eabi/12.2.0/thumb/v6-m/nofp\libg.a(libc_a-findfp.o)
                              c:/progra~2/armgnu~1/1213fb~1.2mp/bin/../lib/gcc/arm-none-eabi/12.2.0/thumb/v6-m/nofp\libg.a(libc_a-impure.o) (__sf)
c:/progra~2/armgnu~1/1213fb~1.2mp/bin/../lib/gcc/arm-none-eabi/12.2.0/thumb/v6-m/nofp\libg.a(libc_a-fwalk.o)
[...]
Memory Configuration

Name             Origin             Length             Attributes
FLASH            0x10000000         0x00200000         xr
RAM              0x20000000         0x00040000         xrw
SCRATCH_X        0x20040000         0x00001000         xrw
SCRATCH_Y        0x20041000         0x00001000         xrw
*default*        0x00000000         0xffffffff

Linker script and memory map

LOAD c:/progra~2/armgnu~1/1213fb~1.2mp/bin/../lib/gcc/arm-none-eabi/12.2.0/thumb/v6-m/nofp/crti.o
LOAD c:/progra~2/armgnu~1/1213fb~1.2mp/bin/../lib/gcc/arm-none-eabi/12.2.0/thumb/v6-m/nofp/crtbegin.o
LOAD c:/progra~2/armgnu~1/1213fb~1.2mp/bin/../lib/gcc/arm-none-eabi/12.2.0/thumb/v6-m/nofp/crt0.o

.flash_begin    0x10000000        0x0
                0x10000000                        __flash_binary_start = .

.boot2          0x10000000      0x100
                0x10000000                        __boot2_start__ = .
 *(.boot2)
 .boot2         0x10000000      0x100 C:\Users\zlhgl\AppData\Local\Temp\ccCX7Xjy.o
                0x10000100                        __boot2_end__ = .
                0x00000001                        ASSERT (((__boot2_end__ - __boot2_start__) == 0x100), ERROR: Pico second stage bootloader must be 256 bytes in size)

.text           0x10000100     0x7100
                0x10000100                        __logical_binary_start = .
 *(.vectors)
 .vectors       0x10000100       0xd4 CMakeFiles/led.dir/C_/Users/zlhgl/ese5190_lab2/pico/Downloads/pico-sdk/src/rp2_common/pico_standard_link/crt0.S.obj
                0x10000100                __VECTOR_TABLE
                0x10000100                __vectors
                0x100001c0                isr_invalid
                0x100001c0                __default_isrs_start
                0x100001c2                isr_nmi
                0x100001c4                isr_hardfault
                0x100001c6                isr_svcall
                0x100001c8                isr_pendsv
                0x100001ca                isr_systick
                0x100001cc                isr_irq23
                0x100001cc                isr_irq18
                0x100001cc                isr_irq11
                0x100001cc                isr_irq28
                0x100001cc                isr_irq19
                0x100001cc                isr_irq0
                0x100001cc                isr_irq6
                0x100001cc                isr_irq5
                0x100001cc                isr_irq12
                0x100001cc                isr_irq22
                0x100001cc                isr_irq31
                0x100001cc                isr_irq17
                0x100001cc                isr_irq27
                0x100001cc                isr_irq30
                0x100001cc                isr_irq2
                0x100001cc                isr_irq10
                0x100001cc                isr_irq8
                0x100001cc                isr_irq24
                0x100001cc                isr_irq1
                0x100001cc                isr_irq7
                0x100001cc                isr_irq21
                0x100001cc                isr_irq20
                0x100001cc                isr_irq15
                0x100001cc                isr_irq25
                0x100001cc                isr_irq13
                0x100001cc                __unhandled_user_irq
                0x100001cc                isr_irq4
                0x100001cc                isr_irq16
                0x100001cc                isr_irq29
                0x100001cc                isr_irq26
                0x100001cc                __default_isrs_end
                0x100001cc                isr_irq3
                0x100001cc                isr_irq14
                0x100001cc                isr_irq9
                0x100001d2                unhandled_user_irq_num_in_r0
 *(.binary_info_header)
 .binary_info_header
                0x100001d4       0x14 CMakeFiles/led.dir/C_/Users/zlhgl/ese5190_lab2/pico/Downloads/pico-sdk/src/rp2_common/pico_standard_link/crt0.S.obj
                0x100001e8                        __binary_info_header_end = .
 *(.reset)
 .reset         0x100001e8       0xa8 CMakeFiles/led.dir/C_/Users/zlhgl/ese5190_lab2/pico/Downloads/pico-sdk/src/rp2_common/pico_standard_link/crt0.S.obj
                0x100001e8                _entry_point
                0x10000266                __get_current_exception
 .reset         0x10000290       0x30 CMakeFiles/led.dir/C_/Users/zlhgl/ese5190_lab2/pico/Downloads/pico-sdk/src/rp2_common/pico_standard_link/binary_info.c.obj
 *(.init)
 .init          0x100002c0        0x4 c:/progra~2/armgnu~1/1213fb~1.2mp/bin/../lib/gcc/arm-none-eabi/12.2.0/thumb/v6-m/nofp/crti.o
                0x100002c0                _init
 *(EXCLUDE_FILE(*libm.a: *libc.a:*lib_a-mem*.o *libgcc.a:) .text*)
 .text.register_tm_clones
                0x100002c4       0x28 c:/progra~2/armgnu~1/1213fb~1.2mp/bin/../lib/gcc/arm-none-eabi/12.2.0/thumb/v6-m/nofp/crtbegin.o
 .text.frame_dummy
                0x100002ec       0x24 c:/progra~2/armgnu~1/1213fb~1.2mp/bin/../lib/gcc/arm-none-eabi/12.2.0/thumb/v6-m/nofp/crtbegin.o
 .text.main     0x10000310       0x74 CMakeFiles/led.dir/led.c.obj
                0x10000310                main
 .text.gpio_set_function
                0x10000384       0x30 CMakeFiles/led.dir/C_/Users/zlhgl/ese5190_lab2/pico/Downloads/pico-sdk/src/rp2_common/hardware_gpio/gpio.c.obj
                0x10000384                gpio_set_function
 .text.gpio_init
                0x100003b4       0x16 CMakeFiles/led.dir/C_/Users/zlhgl/ese5190_lab2/pico/Downloads/pico-sdk/src/rp2_common/hardware_gpio/gpio.c.obj
                0x100003b4                gpio_init
 *fill*         0x100003ca        0x2 
 .text.hw_claim_lock
                0x100003cc       0x18 CMakeFiles/led.dir/C_/Users/zlhgl/ese5190_lab2/pico/Downloads/pico-sdk/src/rp2_common/hardware_claim/claim.c.obj
                0x100003cc                hw_claim_lock
 .text.hw_claim_unlock
                0x100003e4       0x14 CMakeFiles/led.dir/C_/Users/zlhgl/ese5190_lab2/pico/Downloads/pico-sdk/src/rp2_common/hardware_claim/claim.c.obj
                0x100003e4                hw_claim_unlock
 .text.hw_claim_or_assert
                0x100003f8       0x32 CMakeFiles/led.dir/C_/Users/zlhgl/ese5190_lab2/pico/Downloads/pico-sdk/src/rp2_common/hardware_claim/claim.c.obj
                0x100003f8                hw_claim_or_assert
 .text.hw_claim_unused_from_range
                0x1000042a       0x50 CMakeFiles/led.dir/C_/Users/zlhgl/ese5190_lab2/pico/Downloads/pico-sdk/src/rp2_common/hardware_claim/claim.c.obj
                0x1000042a                hw_claim_unused_from_range
 *fill*         0x1000047a        0x2 
 .text.running_on_fpga
                0x1000047c       0x14 CMakeFiles/led.dir/C_/Users/zlhgl/ese5190_lab2/pico/Downloads/pico-sdk/src/rp2_common/pico_platform/platform.c.obj
                0x1000047c                running_on_fpga
 .text.spin_locks_reset
                0x10000490       0x20 CMakeFiles/led.dir/C_/Users/zlhgl/ese5190_lab2/pico/Downloads/pico-sdk/src/rp2_common/hardware_sync/sync.c.obj
                0x10000490                spin_locks_reset
 .text.next_striped_spin_lock_num
                0x100004b0       0x1c CMakeFiles/led.dir/C_/Users/zlhgl/ese5190_lab2/pico/Downloads/pico-sdk/src/rp2_common/hardware_sync/sync.c.obj
                0x100004b0                next_striped_spin_lock_num
 .text.spin_lock_claim_unused
                0x100004cc       0x24 CMakeFiles/led.dir/C_/Users/zlhgl/ese5190_lab2/pico/Downloads/pico-sdk/src/rp2_common/hardware_sync/sync.c.obj
                0x100004cc                spin_lock_claim_unused
 .text.set_raw_irq_handler_and_unlock
                0x100004f0       0x28 CMakeFiles/led.dir/C_/Users/zlhgl/ese5190_lab2/pico/Downloads/pico-sdk/src/rp2_common/hardware_irq/irq.c.obj
 .text.resolve_branch
                0x10000518       0x30 CMakeFiles/led.dir/C_/Users/zlhgl/ese5190_lab2/pico/Downloads/pico-sdk/src/rp2_common/hardware_irq/irq.c.obj
 .text.make_branch
                0x10000548       0x48 CMakeFiles/led.dir/C_/Users/zlhgl/ese5190_lab2/pico/Downloads/pico-sdk/src/rp2_common/hardware_irq/irq.c.obj
 .text.insert_branch_and_link
                0x10000590       0x40 CMakeFiles/led.dir/C_/Users/zlhgl/ese5190_lab2/pico/Downloads/pico-sdk/src/rp2_common/hardware_irq/irq.c.obj
 .text.irq_is_enabled
                0x100005d0       0x18 CMakeFiles/led.dir/C_/Users/zlhgl/ese5190_lab2/pico/Downloads/pico-sdk/src/rp2_common/hardware_irq/irq.c.obj
                0x100005d0                irq_is_enabled
 .text.irq_set_mask_enabled
                0x100005e8       0x20 CMakeFiles/led.dir/C_/Users/zlhgl/ese5190_lab2/pico/Downloads/pico-sdk/src/rp2_common/hardware_irq/irq.c.obj
                0x100005e8                irq_set_mask_enabled
 .text.irq_set_enabled
                0x10000608        0xe CMakeFiles/led.dir/C_/Users/zlhgl/ese5190_lab2/pico/Downloads/pico-sdk/src/rp2_common/hardware_irq/irq.c.obj
                0x10000608                irq_set_enabled
 *fill*         0x10000616        0x2 
 .text.irq_set_pending
                0x10000618       0x10 CMakeFiles/led.dir/C_/Users/zlhgl/ese5190_lab2/pico/Downloads/pico-sdk/src/rp2_common/hardware_irq/irq.c.obj
                0x10000618                irq_set_pending
 .text.irq_get_vtable_handler
                0x10000628       0x10 CMakeFiles/led.dir/C_/Users/zlhgl/ese5190_lab2/pico/Downloads/pico-sdk/src/rp2_common/hardware_irq/irq.c.obj
                0x10000628                irq_get_vtable_handler
 .text.irq_has_shared_handler
                0x10000638       0x24 CMakeFiles/led.dir/C_/Users/zlhgl/ese5190_lab2/pico/Downloads/pico-sdk/src/rp2_common/hardware_irq/irq.c.obj
                0x10000638                irq_has_shared_handler
 .text.irq_set_exclusive_handler
                0x1000065c       0x54 CMakeFiles/led.dir/C_/Users/zlhgl/ese5190_lab2/pico/Downloads/pico-sdk/src/rp2_common/hardware_irq/irq.c.obj
                0x1000065c                irq_set_exclusive_handler
 .text.irq_add_shared_handler
                0x100006b0      0x210 CMakeFiles/led.dir/C_/Users/zlhgl/ese5190_lab2/pico/Downloads/pico-sdk/src/rp2_common/hardware_irq/irq.c.obj
                0x100006b0                irq_add_shared_handler
 .text.irq_remove_handler
                0x100008c0      0x188 CMakeFiles/led.dir/C_/Users/zlhgl/ese5190_lab2/pico/Downloads/pico-sdk/src/rp2_common/hardware_irq/irq.c.obj
                0x100008c0                irq_remove_handler
 .text.irq_add_tail_to_free_list
                0x10000a48       0xf0 CMakeFiles/led.dir/C_/Users/zlhgl/ese5190_lab2/pico/Downloads/pico-sdk/src/rp2_common/hardware_irq/irq.c.obj
                0x10000a48                irq_add_tail_to_free_list
 .text.irq_init_priorities
                0x10000b38       0x1c CMakeFiles/led.dir/C_/Users/zlhgl/ese5190_lab2/pico/Downloads/pico-sdk/src/rp2_common/hardware_irq/irq.c.obj
                0x10000b38                irq_init_priorities
 .text.user_irq_claim_unused
                0x10000b54       0x30 CMakeFiles/led.dir/C_/Users/zlhgl/ese5190_lab2/pico/Downloads/pico-sdk/src/rp2_common/hardware_irq/irq.c.obj
                0x10000b54                user_irq_claim_unused
 .text.lock_init
                0x10000b84       0x10 CMakeFiles/led.dir/C_/Users/zlhgl/ese5190_lab2/pico/Downloads/pico-sdk/src/common/pico_sync/lock_core.c.obj
                0x10000b84                lock_init
 .text.time_reached
                0x10000b94       0x28 CMakeFiles/led.dir/C_/Users/zlhgl/ese5190_lab2/pico/Downloads/pico-sdk/src/common/pico_time/time.c.obj
 .text.get_entry
                0x10000bbc       0x38 CMakeFiles/led.dir/C_/Users/zlhgl/ese5190_lab2/pico/Downloads/pico-sdk/src/common/pico_time/time.c.obj
 .text.timer_pool_entry_comparator
                0x10000bf4       0x2e CMakeFiles/led.dir/C_/Users/zlhgl/ese5190_lab2/pico/Downloads/pico-sdk/src/common/pico_time/time.c.obj
                0x10000bf4                timer_pool_entry_comparator
 *fill*         0x10000c22        0x2 
 .text.update_us_since_boot
                0x10000c24       0x24 CMakeFiles/led.dir/C_/Users/zlhgl/ese5190_lab2/pico/Downloads/pico-sdk/src/common/pico_time/time.c.obj
 .text.delayed_by_us
                0x10000c48       0x36 CMakeFiles/led.dir/C_/Users/zlhgl/ese5190_lab2/pico/Downloads/pico-sdk/src/common/pico_time/time.c.obj
 *fill*         0x10000c7e        0x2 
 .text.ph_get_node
                0x10000c80       0x30 CMakeFiles/led.dir/C_/Users/zlhgl/ese5190_lab2/pico/Downloads/pico-sdk/src/common/pico_time/time.c.obj
 .text.ph_contains_node
                0x10000cb0       0x1e CMakeFiles/led.dir/C_/Users/zlhgl/ese5190_lab2/pico/Downloads/pico-sdk/src/common/pico_time/time.c.obj
 .text.ph_new_node
                0x10000cce       0x28 CMakeFiles/led.dir/C_/Users/zlhgl/ese5190_lab2/pico/Downloads/pico-sdk/src/common/pico_time/time.c.obj
 *fill*         0x10000cf6        0x2 
 .text.ph_add_child_node
                0x10000cf8       0x6c CMakeFiles/led.dir/C_/Users/zlhgl/ese5190_lab2/pico/Downloads/pico-sdk/src/common/pico_time/time.c.obj
 .text.ph_merge_nodes
                0x10000d64       0x3e CMakeFiles/led.dir/C_/Users/zlhgl/ese5190_lab2/pico/Downloads/pico-sdk/src/common/pico_time/time.c.obj
 *fill*         0x10000da2        0x2 
 .text.ph_insert_node
                0x10000da4       0x3c CMakeFiles/led.dir/C_/Users/zlhgl/ese5190_lab2/pico/Downloads/pico-sdk/src/common/pico_time/time.c.obj
 .text.ph_free_node
                0x10000de0       0x3c CMakeFiles/led.dir/C_/Users/zlhgl/ese5190_lab2/pico/Downloads/pico-sdk/src/common/pico_time/time.c.obj
 .text.get_entry_id_high
                0x10000e1c       0x30 CMakeFiles/led.dir/C_/Users/zlhgl/ese5190_lab2/pico/Downloads/pico-sdk/src/common/pico_time/time.c.obj
 .text.alarm_pool_post_alloc_init
                0x10000e4c       0x40 CMakeFiles/led.dir/C_/Users/zlhgl/ese5190_lab2/pico/Downloads/pico-sdk/src/common/pico_time/time.c.obj
 .text.sleep_until_callback
                0x10000e8c       0x30 CMakeFiles/led.dir/C_/Users/zlhgl/ese5190_lab2/pico/Downloads/pico-sdk/src/common/pico_time/time.c.obj
 .text.get_absolute_time
                0x10000ebc       0x22 CMakeFiles/led.dir/C_/Users/zlhgl/ese5190_lab2/pico/Downloads/pico-sdk/src/common/pico_time/time.c.obj
 *fill*         0x10000ede        0x2 
 .text.add_alarm_under_lock
                0x10000ee0       0x94 CMakeFiles/led.dir/C_/Users/zlhgl/ese5190_lab2/pico/Downloads/pico-sdk/src/common/pico_time/time.c.obj
 .text.alarm_pool_alarm_callback
                0x10000f74      0x20c CMakeFiles/led.dir/C_/Users/zlhgl/ese5190_lab2/pico/Downloads/pico-sdk/src/common/pico_time/time.c.obj
 .text.alarm_pool_init_default
                0x10001180       0x38 CMakeFiles/led.dir/C_/Users/zlhgl/ese5190_lab2/pico/Downloads/pico-sdk/src/common/pico_time/time.c.obj
                0x10001180                alarm_pool_init_default
 .text.alarm_pool_get_default
                0x100011b8       0x2c CMakeFiles/led.dir/C_/Users/zlhgl/ese5190_lab2/pico/Downloads/pico-sdk/src/common/pico_time/time.c.obj
                0x100011b8                alarm_pool_get_default
 .text.alarm_pool_add_alarm_at
                0x100011e4      0x10e CMakeFiles/led.dir/C_/Users/zlhgl/ese5190_lab2/pico/Downloads/pico-sdk/src/common/pico_time/time.c.obj
                0x100011e4                alarm_pool_add_alarm_at
 .text.add_alarm_at
                0x100012f2       0x2e CMakeFiles/led.dir/C_/Users/zlhgl/ese5190_lab2/pico/Downloads/pico-sdk/src/common/pico_time/time.c.obj
 .text.alarm_pool_cancel_alarm
                0x10001320       0xa0 CMakeFiles/led.dir/C_/Users/zlhgl/ese5190_lab2/pico/Downloads/pico-sdk/src/common/pico_time/time.c.obj
                0x10001320                alarm_pool_cancel_alarm
 .text.cancel_alarm
                0x100013c0       0x10 CMakeFiles/led.dir/C_/Users/zlhgl/ese5190_lab2/pico/Downloads/pico-sdk/src/common/pico_time/time.c.obj
 .text.best_effort_wfe_or_timeout
                0x100013d0       0x38 CMakeFiles/led.dir/C_/Users/zlhgl/ese5190_lab2/pico/Downloads/pico-sdk/src/common/pico_time/time.c.obj
                0x100013d0                best_effort_wfe_or_timeout
 .text.hardware_alarm_irq_handler
                0x10001408       0x88 CMakeFiles/led.dir/C_/Users/zlhgl/ese5190_lab2/pico/Downloads/pico-sdk/src/rp2_common/hardware_timer/timer.c.obj
 .text.hardware_alarm_claim
                0x10001490       0x18 CMakeFiles/led.dir/C_/Users/zlhgl/ese5190_lab2/pico/Downloads/pico-sdk/src/rp2_common/hardware_timer/timer.c.obj
                0x10001490                hardware_alarm_claim
 .text.time_us_64
                0x100014a8       0x18 CMakeFiles/led.dir/C_/Users/zlhgl/ese5190_lab2/pico/Downloads/pico-sdk/src/rp2_common/hardware_timer/timer.c.obj
                0x100014a8                time_us_64
 .text.hardware_alarm_set_callback
                0x100014c0       0x90 CMakeFiles/led.dir/C_/Users/zlhgl/ese5190_lab2/pico/Downloads/pico-sdk/src/rp2_common/hardware_timer/timer.c.obj
                0x100014c0                hardware_alarm_set_callback
 .text.hardware_alarm_set_target
                0x10001550       0xe8 CMakeFiles/led.dir/C_/Users/zlhgl/ese5190_lab2/pico/Downloads/pico-sdk/src/rp2_common/hardware_timer/timer.c.obj
                0x10001550                hardware_alarm_set_target
 .text.hardware_alarm_cancel
                0x10001638       0x40 CMakeFiles/led.dir/C_/Users/zlhgl/ese5190_lab2/pico/Downloads/pico-sdk/src/rp2_common/hardware_timer/timer.c.obj
                0x10001638                hardware_alarm_cancel
 .text.ph_get_node
                0x10001678       0x30 CMakeFiles/led.dir/C_/Users/zlhgl/ese5190_lab2/pico/Downloads/pico-sdk/src/common/pico_util/pheap.c.obj
 .text.ph_add_child_node
                0x100016a8       0x6c CMakeFiles/led.dir/C_/Users/zlhgl/ese5190_lab2/pico/Downloads/pico-sdk/src/common/pico_util/pheap.c.obj
 .text.ph_merge_nodes
                0x10001714       0x3e CMakeFiles/led.dir/C_/Users/zlhgl/ese5190_lab2/pico/Downloads/pico-sdk/src/common/pico_util/pheap.c.obj
 .text.ph_clear
                0x10001752       0x34 CMakeFiles/led.dir/C_/Users/zlhgl/ese5190_lab2/pico/Downloads/pico-sdk/src/common/pico_util/pheap.c.obj
                0x10001752                ph_clear
 .text.ph_post_alloc_init
                0x10001786        0xe CMakeFiles/led.dir/C_/Users/zlhgl/ese5190_lab2/pico/Downloads/pico-sdk/src/common/pico_util/pheap.c.obj
                0x10001786                ph_post_alloc_init
 .text.ph_merge_two_pass
                0x10001794       0x5c CMakeFiles/led.dir/C_/Users/zlhgl/ese5190_lab2/pico/Downloads/pico-sdk/src/common/pico_util/pheap.c.obj
                0x10001794                ph_merge_two_pass
 .text.ph_remove_any_head
                0x100017f0       0xa4 CMakeFiles/led.dir/C_/Users/zlhgl/ese5190_lab2/pico/Downloads/pico-sdk/src/common/pico_util/pheap.c.obj
 .text.ph_remove_head
                0x10001894       0x14 CMakeFiles/led.dir/C_/Users/zlhgl/ese5190_lab2/pico/Downloads/pico-sdk/src/common/pico_util/pheap.c.obj
                0x10001894                ph_remove_head
 .text.ph_remove_and_free_node
                0x100018a8       0xa0 CMakeFiles/led.dir/C_/Users/zlhgl/ese5190_lab2/pico/Downloads/pico-sdk/src/common/pico_util/pheap.c.obj
                0x100018a8                ph_remove_and_free_node
 .text.update_us_since_boot
                0x10001948       0x24 CMakeFiles/led.dir/C_/Users/zlhgl/ese5190_lab2/pico/Downloads/pico-sdk/src/common/pico_sync/mutex.c.obj
 .text.delayed_by_ms
                0x1000196c       0x46 CMakeFiles/led.dir/C_/Users/zlhgl/ese5190_lab2/pico/Downloads/pico-sdk/src/common/pico_sync/mutex.c.obj
 .text.get_absolute_time
                0x100019b2       0x22 CMakeFiles/led.dir/C_/Users/zlhgl/ese5190_lab2/pico/Downloads/pico-sdk/src/common/pico_sync/mutex.c.obj
 .text.make_timeout_time_ms
                0x100019d4       0x20 CMakeFiles/led.dir/C_/Users/zlhgl/ese5190_lab2/pico/Downloads/pico-sdk/src/common/pico_sync/mutex.c.obj
 .text.mutex_init
                0x100019f4       0x1a CMakeFiles/led.dir/C_/Users/zlhgl/ese5190_lab2/pico/Downloads/pico-sdk/src/common/pico_sync/mutex.c.obj
                0x100019f4                mutex_init
 .text.recursive_mutex_init
                0x10001a0e       0x1e CMakeFiles/led.dir/C_/Users/zlhgl/ese5190_lab2/pico/Downloads/pico-sdk/src/common/pico_sync/mutex.c.obj
                0x10001a0e                recursive_mutex_init
 .text.critical_section_init_with_lock_num
                0x10001a2c       0x14 CMakeFiles/led.dir/C_/Users/zlhgl/ese5190_lab2/pico/Downloads/pico-sdk/src/common/pico_sync/critical_section.c.obj
                0x10001a2c                critical_section_init_with_lock_num
 .text.critical_section_init
                0x10001a40       0x14 CMakeFiles/led.dir/C_/Users/zlhgl/ese5190_lab2/pico/Downloads/pico-sdk/src/common/pico_sync/critical_section.c.obj
                0x10001a40                critical_section_init
 .text.uart_set_baudrate
                0x10001a54       0x5c CMakeFiles/led.dir/C_/Users/zlhgl/ese5190_lab2/pico/Downloads/pico-sdk/src/rp2_common/hardware_uart/uart.c.obj
                0x10001a54                uart_set_baudrate
 .text.uart_set_translate_crlf
                0x10001ab0       0x28 CMakeFiles/led.dir/C_/Users/zlhgl/ese5190_lab2/pico/Downloads/pico-sdk/src/rp2_common/hardware_uart/uart.c.obj
                0x10001ab0                uart_set_translate_crlf
 .text.uart_init
                0x10001ad8       0x80 CMakeFiles/led.dir/C_/Users/zlhgl/ese5190_lab2/pico/Downloads/pico-sdk/src/rp2_common/hardware_uart/uart.c.obj
                0x10001ad8                uart_init
 .text._exit    0x10001b58        0x4 CMakeFiles/led.dir/C_/Users/zlhgl/ese5190_lab2/pico/Downloads/pico-sdk/src/rp2_common/pico_runtime/runtime.c.obj
                0x10001b58                _exit
 .text.exit     0x10001b5c        0x6 CMakeFiles/led.dir/C_/Users/zlhgl/ese5190_lab2/pico/Downloads/pico-sdk/src/rp2_common/pico_runtime/runtime.c.obj
                0x10001b5c                exit
 *fill*         0x10001b62        0x2 
 .text.__assert_func
                0x10001b64       0x38 CMakeFiles/led.dir/C_/Users/zlhgl/ese5190_lab2/pico/Downloads/pico-sdk/src/rp2_common/pico_runtime/runtime.c.obj
                0x10001b64                __assert_func
 .text.runtime_init
                0x10001b9c       0xf8 CMakeFiles/led.dir/C_/Users/zlhgl/ese5190_lab2/pico/Downloads/pico-sdk/src/rp2_common/pico_runtime/runtime.c.obj
                0x10001b9c                runtime_init
 .text.panic    0x10001c94       0x30 CMakeFiles/led.dir/C_/Users/zlhgl/ese5190_lab2/pico/Downloads/pico-sdk/src/rp2_common/pico_runtime/runtime.c.obj
                0x10001c94                panic
 .text.clock_configure
                0x10001cc4      0x104 CMakeFiles/led.dir/C_/Users/zlhgl/ese5190_lab2/pico/Downloads/pico-sdk/src/rp2_common/hardware_clocks/clocks.c.obj
                0x10001cc4                clock_configure
 .text.clocks_init
                0x10001dc8      0x100 CMakeFiles/led.dir/C_/Users/zlhgl/ese5190_lab2/pico/Downloads/pico-sdk/src/rp2_common/hardware_clocks/clocks.c.obj
                0x10001dc8                clocks_init
 .text.clock_get_hz
                0x10001ec8        0xc CMakeFiles/led.dir/C_/Users/zlhgl/ese5190_lab2/pico/Downloads/pico-sdk/src/rp2_common/hardware_clocks/clocks.c.obj
                0x10001ec8                clock_get_hz
 .text.pll_init
                0x10001ed4      0x140 CMakeFiles/led.dir/C_/Users/zlhgl/ese5190_lab2/pico/Downloads/pico-sdk/src/rp2_common/hardware_pll/pll.c.obj
                0x10001ed4                pll_init
 .text.watchdog_start_tick
                0x10002014       0x10 CMakeFiles/led.dir/C_/Users/zlhgl/ese5190_lab2/pico/Downloads/pico-sdk/src/rp2_common/hardware_watchdog/watchdog.c.obj
                0x10002014                watchdog_start_tick
 .text.watchdog_update
                0x10002024       0x14 CMakeFiles/led.dir/C_/Users/zlhgl/ese5190_lab2/pico/Downloads/pico-sdk/src/rp2_common/hardware_watchdog/watchdog.c.obj
                0x10002024                watchdog_update
 .text._watchdog_enable
                0x10002038       0x78 CMakeFiles/led.dir/C_/Users/zlhgl/ese5190_lab2/pico/Downloads/pico-sdk/src/rp2_common/hardware_watchdog/watchdog.c.obj
                0x10002038                _watchdog_enable
 .text.watchdog_reboot
                0x100020b0       0x48 CMakeFiles/led.dir/C_/Users/zlhgl/ese5190_lab2/pico/Downloads/pico-sdk/src/rp2_common/hardware_watchdog/watchdog.c.obj
                0x100020b0                watchdog_reboot
 .text.xosc_init
                0x100020f8       0x28 CMakeFiles/led.dir/C_/Users/zlhgl/ese5190_lab2/pico/Downloads/pico-sdk/src/rp2_common/hardware_xosc/xosc.c.obj
                0x100020f8                xosc_init
 .text._out_null
                0x10002120        0x2 CMakeFiles/led.dir/C_/Users/zlhgl/ese5190_lab2/pico/Downloads/pico-sdk/src/rp2_common/pico_printf/printf.c.obj
 .text._out_fct
                0x10002122        0xe CMakeFiles/led.dir/C_/Users/zlhgl/ese5190_lab2/pico/Downloads/pico-sdk/src/rp2_common/pico_printf/printf.c.obj
 .text._atoi    0x10002130       0x24 CMakeFiles/led.dir/C_/Users/zlhgl/ese5190_lab2/pico/Downloads/pico-sdk/src/rp2_common/pico_printf/printf.c.obj
 .text._out_rev
                0x10002154       0xae CMakeFiles/led.dir/C_/Users/zlhgl/ese5190_lab2/pico/Downloads/pico-sdk/src/rp2_common/pico_printf/printf.c.obj
 .text._ntoa_format
                0x10002202      0x110 CMakeFiles/led.dir/C_/Users/zlhgl/ese5190_lab2/pico/Downloads/pico-sdk/src/rp2_common/pico_printf/printf.c.obj
 .text._ntoa_long
                0x10002312       0xbc CMakeFiles/led.dir/C_/Users/zlhgl/ese5190_lab2/pico/Downloads/pico-sdk/src/rp2_common/pico_printf/printf.c.obj
 .text._ntoa_long_long
                0x100023ce      0x10e CMakeFiles/led.dir/C_/Users/zlhgl/ese5190_lab2/pico/Downloads/pico-sdk/src/rp2_common/pico_printf/printf.c.obj
 .text._etoa    0x100024dc      0x420 CMakeFiles/led.dir/C_/Users/zlhgl/ese5190_lab2/pico/Downloads/pico-sdk/src/rp2_common/pico_printf/printf.c.obj
 .text._ftoa    0x100028fc      0x354 CMakeFiles/led.dir/C_/Users/zlhgl/ese5190_lab2/pico/Downloads/pico-sdk/src/rp2_common/pico_printf/printf.c.obj
 .text._vsnprintf
                0x10002c50      0x65c CMakeFiles/led.dir/C_/Users/zlhgl/ese5190_lab2/pico/Downloads/pico-sdk/src/rp2_common/pico_printf/printf.c.obj
 .text.vfctprintf
                0x100032ac       0x20 CMakeFiles/led.dir/C_/Users/zlhgl/ese5190_lab2/pico/Downloads/pico-sdk/src/rp2_common/pico_printf/printf.c.obj
                0x100032ac                vfctprintf
 .text          0x100032cc       0x10 CMakeFiles/led.dir/C_/Users/zlhgl/ese5190_lab2/pico/Downloads/pico-sdk/src/rp2_common/pico_bit_ops/bit_ops_aeabi.S.obj
 .text.rom_func_lookup
                0x100032dc       0x10 CMakeFiles/led.dir/C_/Users/zlhgl/ese5190_lab2/pico/Downloads/pico-sdk/src/rp2_common/pico_bootrom/bootrom.c.obj
                0x100032dc                rom_func_lookup
 .text.rom_data_lookup
                0x100032ec       0x10 CMakeFiles/led.dir/C_/Users/zlhgl/ese5190_lab2/pico/Downloads/pico-sdk/src/rp2_common/pico_bootrom/bootrom.c.obj
                0x100032ec                rom_data_lookup
 .text.rom_funcs_lookup
                0x100032fc       0x36 CMakeFiles/led.dir/C_/Users/zlhgl/ese5190_lab2/pico/Downloads/pico-sdk/src/rp2_common/pico_bootrom/bootrom.c.obj
                0x100032fc                rom_funcs_lookup
 *fill*         0x10003332        0x2 
 .text.__wrap___aeabi_idiv
                0x10003334       0x50 CMakeFiles/led.dir/C_/Users/zlhgl/ese5190_lab2/pico/Downloads/pico-sdk/src/rp2_common/pico_divider/divider.S.obj
                0x10003334                __wrap___aeabi_idivmod
                0x10003334                divmod_s32s32
                0x10003334                div_s32s32
                0x10003334                __wrap___aeabi_idiv
                0x1000333c                divmod_s32s32_unsafe
                0x10003368                divmod_s32s32_savestate
 .text.__wrap___aeabi_uidiv
                0x10003384       0x4c CMakeFiles/led.dir/C_/Users/zlhgl/ese5190_lab2/pico/Downloads/pico-sdk/src/rp2_common/pico_divider/divider.S.obj
                0x10003384                __wrap___aeabi_uidiv
                0x10003384                __wrap___aeabi_uidivmod
                0x10003384                div_u32u32
                0x10003384                divmod_u32u32
                0x1000338c                divmod_u32u32_unsafe
                0x100033b4                divmod_u32u32_savestate
 .text.__wrap___aeabi_ldiv
                0x100033d0      0x434 CMakeFiles/led.dir/C_/Users/zlhgl/ese5190_lab2/pico/Downloads/pico-sdk/src/rp2_common/pico_divider/divider.S.obj
                0x100033d0                div_s64s64
                0x100033d0                divmod_s64s64
                0x100033d0                __wrap___aeabi_ldivmod
                0x10003408                divmod_u64u64
                0x10003408                div_u64u64
                0x10003408                __wrap___aeabi_uldivmod
                0x10003418                divmod_u64u64_savestate
                0x10003440                divmod_s64s64_unsafe
                0x100034c8                divmod_u64u64_unsafe
 .text.__wrap___aeabi_darithmetic
                0x10003804       0x80 CMakeFiles/led.dir/C_/Users/zlhgl/ese5190_lab2/pico/Downloads/pico-sdk/src/rp2_common/pico_double/double_aeabi.S.obj
                0x10003804                __wrap___aeabi_drsub
                0x1000380a                __wrap___aeabi_dsub
                0x1000381c                __wrap___aeabi_dadd
                0x1000382e                __wrap___aeabi_ddiv
                0x1000386a                __wrap___aeabi_dmul
 .text.__wrap___aeabi_cdcmple
                0x10003884       0x6c CMakeFiles/led.dir/C_/Users/zlhgl/ese5190_lab2/pico/Downloads/pico-sdk/src/rp2_common/pico_double/double_aeabi.S.obj
                0x10003884                __wrap___aeabi_cdrcmple
                0x10003894                __wrap___aeabi_cdcmpeq
                0x10003894                __wrap___aeabi_cdcmple
 .text.__wrap___aeabi_dcmplt
                0x100038f0        0xc CMakeFiles/led.dir/C_/Users/zlhgl/ese5190_lab2/pico/Downloads/pico-sdk/src/rp2_common/pico_double/double_aeabi.S.obj
                0x100038f0                __wrap___aeabi_dcmplt
 .text.__wrap___aeabi_dcmple
                0x100038fc       0x10 CMakeFiles/led.dir/C_/Users/zlhgl/ese5190_lab2/pico/Downloads/pico-sdk/src/rp2_common/pico_double/double_aeabi.S.obj
                0x100038fc                __wrap___aeabi_dcmple
 .text.__wrap___aeabi_dcmpge
                0x1000390c       0x10 CMakeFiles/led.dir/C_/Users/zlhgl/ese5190_lab2/pico/Downloads/pico-sdk/src/rp2_common/pico_double/double_aeabi.S.obj
                0x1000390c                __wrap___aeabi_dcmpge
 .text.__wrap___aeabi_dcmpgt
                0x1000391c        0xa CMakeFiles/led.dir/C_/Users/zlhgl/ese5190_lab2/pico/Downloads/pico-sdk/src/rp2_common/pico_double/double_aeabi.S.obj
                0x1000391c                __wrap___aeabi_dcmpgt
 .text.__wrap___aeabi_dcmpun
                0x10003926       0x1c CMakeFiles/led.dir/C_/Users/zlhgl/ese5190_lab2/pico/Downloads/pico-sdk/src/rp2_common/pico_double/double_aeabi.S.obj
                0x10003926                __wrap___aeabi_dcmpun
 *fill*         0x10003942        0x2 
 .text.__wrap___aeabi_i2d
                0x10003944       0x38 CMakeFiles/led.dir/C_/Users/zlhgl/ese5190_lab2/pico/Downloads/pico-sdk/src/rp2_common/pico_double/double_aeabi.S.obj
                0x10003944                __wrap___aeabi_ui2d
                0x1000394c                __wrap___aeabi_i2d
 .text.__wrap___aeabi_d2iz
                0x1000397c       0x48 CMakeFiles/led.dir/C_/Users/zlhgl/ese5190_lab2/pico/Downloads/pico-sdk/src/rp2_common/pico_double/double_aeabi.S.obj
                0x1000397c                double2int_z
                0x1000397c                __wrap___aeabi_d2iz
 .text.__wrap___aeabi_d2uiz
                0x100039c4       0x18 CMakeFiles/led.dir/C_/Users/zlhgl/ese5190_lab2/pico/Downloads/pico-sdk/src/rp2_common/pico_double/double_aeabi.S.obj
                0x100039c4                __wrap___aeabi_d2uiz
                0x100039c4                double2uint
 .text.__aeabi_double_init
                0x100039dc       0xcc CMakeFiles/led.dir/C_/Users/zlhgl/ese5190_lab2/pico/Downloads/pico-sdk/src/rp2_common/pico_double/double_init_rom.c.obj
                0x100039dc                __aeabi_double_init
 .text.double_table_shim_on_use_helper
                0x10003aa8       0x34 CMakeFiles/led.dir/C_/Users/zlhgl/ese5190_lab2/pico/Downloads/pico-sdk/src/rp2_common/pico_double/double_v1_rom_shim.S.obj
                0x10003aa8                double_table_shim_on_use_helper
 .text.__wrap___aeabi_dsub
                0x10003adc       0x10 CMakeFiles/led.dir/C_/Users/zlhgl/ese5190_lab2/pico/Downloads/pico-sdk/src/rp2_common/pico_double/double_v1_rom_shim.S.obj
                0x10003adc                drsub_shim
                0x10003ae2                dsub_shim
 .text.dadd_shim
                0x10003aec      0x15c CMakeFiles/led.dir/C_/Users/zlhgl/ese5190_lab2/pico/Downloads/pico-sdk/src/rp2_common/pico_double/double_v1_rom_shim.S.obj
                0x10003aec                dadd_shim
 .text.dmul_shim
                0x10003c48      0x15c CMakeFiles/led.dir/C_/Users/zlhgl/ese5190_lab2/pico/Downloads/pico-sdk/src/rp2_common/pico_double/double_v1_rom_shim.S.obj
                0x10003c48                dmul_shim
 .text.ddiv_shim
                0x10003da4      0x1b0 CMakeFiles/led.dir/C_/Users/zlhgl/ese5190_lab2/pico/Downloads/pico-sdk/src/rp2_common/pico_double/double_v1_rom_shim.S.obj
                0x10003da4                ddiv_shim
 .text.double2uint_shim
                0x10003f54        0xe CMakeFiles/led.dir/C_/Users/zlhgl/ese5190_lab2/pico/Downloads/pico-sdk/src/rp2_common/pico_double/double_v1_rom_shim.S.obj
                0x10003f54                double2uint_shim
                0x10003f56                double2ufix_shim
 *fill*         0x10003f62        0x2 
 .text.double2uint64_shim
                0x10003f64       0x70 CMakeFiles/led.dir/C_/Users/zlhgl/ese5190_lab2/pico/Downloads/pico-sdk/src/rp2_common/pico_double/double_v1_rom_shim.S.obj
                0x10003f64                double2uint64_shim
                0x10003f66                double2ufix64_shim
                0x10003f86                d2fix_a
 .text.dunpacks
                0x10003fd4       0x3c CMakeFiles/led.dir/C_/Users/zlhgl/ese5190_lab2/pico/Downloads/pico-sdk/src/rp2_common/pico_double/double_v1_rom_shim.S.obj
                0x10003fd4                dunpacks
 .text.__aeabi_lmul
                0x10004010       0x32 CMakeFiles/led.dir/C_/Users/zlhgl/ese5190_lab2/pico/Downloads/pico-sdk/src/rp2_common/pico_int64_ops/pico_int64_ops_aeabi.S.obj
                0x10004010                __wrap___aeabi_lmul
 *fill*         0x10004042        0x2 
 .text.__aeabi_float_init
                0x10004044       0xfc CMakeFiles/led.dir/C_/Users/zlhgl/ese5190_lab2/pico/Downloads/pico-sdk/src/rp2_common/pico_float/float_init_rom.c.obj
                0x10004044                __aeabi_float_init
 .text.float_table_shim_on_use_helper
                0x10004140       0x34 CMakeFiles/led.dir/C_/Users/zlhgl/ese5190_lab2/pico/Downloads/pico-sdk/src/rp2_common/pico_float/float_v1_rom_shim.S.obj
                0x10004140                float_table_shim_on_use_helper
 .text          0x10004174       0x10 CMakeFiles/led.dir/C_/Users/zlhgl/ese5190_lab2/pico/Downloads/pico-sdk/src/rp2_common/pico_mem_ops/mem_ops_aeabi.S.obj
                0x10004174                __aeabi_mem_init
 .text.memset   0x10004184        0xc CMakeFiles/led.dir/C_/Users/zlhgl/ese5190_lab2/pico/Downloads/pico-sdk/src/rp2_common/pico_mem_ops/mem_ops_aeabi.S.obj
                0x10004184                __wrap_memset
 .text.memcpy   0x10004190        0xc CMakeFiles/led.dir/C_/Users/zlhgl/ese5190_lab2/pico/Downloads/pico-sdk/src/rp2_common/pico_mem_ops/mem_ops_aeabi.S.obj
                0x10004190                __wrap_memcpy
                0x10004190                __wrap___aeabi_memcpy
 .text.stdio_out_chars_no_crlf
                0x1000419c        0xe CMakeFiles/led.dir/C_/Users/zlhgl/ese5190_lab2/pico/Downloads/pico-sdk/src/rp2_common/pico_stdio/stdio.c.obj
 *fill*         0x100041aa        0x2 
 .text.stdio_out_chars_crlf
                0x100041ac       0x80 CMakeFiles/led.dir/C_/Users/zlhgl/ese5190_lab2/pico/Downloads/pico-sdk/src/rp2_common/pico_stdio/stdio.c.obj
 .text.stdio_stack_buffer_flush
                0x1000422c       0x44 CMakeFiles/led.dir/C_/Users/zlhgl/ese5190_lab2/pico/Downloads/pico-sdk/src/rp2_common/pico_stdio/stdio.c.obj
 .text.stdio_buffered_printer
                0x10004270       0x20 CMakeFiles/led.dir/C_/Users/zlhgl/ese5190_lab2/pico/Downloads/pico-sdk/src/rp2_common/pico_stdio/stdio.c.obj
 .text.stdout_serialize_begin
                0x10004290       0x30 CMakeFiles/led.dir/C_/Users/zlhgl/ese5190_lab2/pico/Downloads/pico-sdk/src/rp2_common/pico_stdio/stdio.c.obj
                0x10004290                stdout_serialize_begin
 .text.stdout_serialize_end
                0x100042c0       0x10 CMakeFiles/led.dir/C_/Users/zlhgl/ese5190_lab2/pico/Downloads/pico-sdk/src/rp2_common/pico_stdio/stdio.c.obj
                0x100042c0                stdout_serialize_end
 .text.stdio_put_string
                0x100042d0       0x98 CMakeFiles/led.dir/C_/Users/zlhgl/ese5190_lab2/pico/Downloads/pico-sdk/src/rp2_common/pico_stdio/stdio.c.obj
 .text.stdio_set_driver_enabled
                0x10004368       0x2c CMakeFiles/led.dir/C_/Users/zlhgl/ese5190_lab2/pico/Downloads/pico-sdk/src/rp2_common/pico_stdio/stdio.c.obj
                0x10004368                stdio_set_driver_enabled
 .text.stdio_flush
                0x10004394       0x20 CMakeFiles/led.dir/C_/Users/zlhgl/ese5190_lab2/pico/Downloads/pico-sdk/src/rp2_common/pico_stdio/stdio.c.obj
                0x10004394                stdio_flush
 .text.__wrap_puts
                0x100043b4       0x1e CMakeFiles/led.dir/C_/Users/zlhgl/ese5190_lab2/pico/Downloads/pico-sdk/src/rp2_common/pico_stdio/stdio.c.obj
                0x100043b4                __wrap_puts
 *fill*         0x100043d2        0x2 
 .text.__wrap_vprintf
                0x100043d4       0x44 CMakeFiles/led.dir/C_/Users/zlhgl/ese5190_lab2/pico/Downloads/pico-sdk/src/rp2_common/pico_stdio/stdio.c.obj
                0x100043d4                __wrap_vprintf
 .text.__wrap_printf
                0x10004418       0x18 CMakeFiles/led.dir/C_/Users/zlhgl/ese5190_lab2/pico/Downloads/pico-sdk/src/rp2_common/pico_stdio/stdio.c.obj
                0x10004418                __wrap_printf
 .text.stdio_init_all
                0x10004430        0xc CMakeFiles/led.dir/C_/Users/zlhgl/ese5190_lab2/pico/Downloads/pico-sdk/src/rp2_common/pico_stdio/stdio.c.obj
                0x10004430                stdio_init_all
 .text.uart_putc
                0x1000443c       0x60 CMakeFiles/led.dir/C_/Users/zlhgl/ese5190_lab2/pico/Downloads/pico-sdk/src/rp2_common/pico_stdio_uart/stdio_uart.c.obj
 .text.uart_getc
                0x1000449c       0x24 CMakeFiles/led.dir/C_/Users/zlhgl/ese5190_lab2/pico/Downloads/pico-sdk/src/rp2_common/pico_stdio_uart/stdio_uart.c.obj
 .text.stdio_uart_out_chars
                0x100044c0       0x20 CMakeFiles/led.dir/C_/Users/zlhgl/ese5190_lab2/pico/Downloads/pico-sdk/src/rp2_common/pico_stdio_uart/stdio_uart.c.obj
 .text.stdio_uart_in_chars
                0x100044e0       0x34 CMakeFiles/led.dir/C_/Users/zlhgl/ese5190_lab2/pico/Downloads/pico-sdk/src/rp2_common/pico_stdio_uart/stdio_uart.c.obj
                0x100044e0                stdio_uart_in_chars
 .text.stdio_uart_init_full
                0x10004514       0x3c CMakeFiles/led.dir/C_/Users/zlhgl/ese5190_lab2/pico/Downloads/pico-sdk/src/rp2_common/pico_stdio_uart/stdio_uart.c.obj
                0x10004514                stdio_uart_init_full
 .text.stdio_uart_init
                0x10004550       0x28 CMakeFiles/led.dir/C_/Users/zlhgl/ese5190_lab2/pico/Downloads/pico-sdk/src/rp2_common/pico_stdio_uart/stdio_uart.c.obj
                0x10004550                stdio_uart_init
 .text.resetd_init
                0x10004578        0x2 CMakeFiles/led.dir/C_/Users/zlhgl/ese5190_lab2/pico/Downloads/pico-sdk/src/rp2_common/pico_stdio_usb/reset_interface.c.obj
 *fill*         0x1000457a        0x2 
 .text.resetd_reset
                0x1000457c        0xc CMakeFiles/led.dir/C_/Users/zlhgl/ese5190_lab2/pico/Downloads/pico-sdk/src/rp2_common/pico_stdio_usb/reset_interface.c.obj
 .text.resetd_open
                0x10004588       0x34 CMakeFiles/led.dir/C_/Users/zlhgl/ese5190_lab2/pico/Downloads/pico-sdk/src/rp2_common/pico_stdio_usb/reset_interface.c.obj
 .text.resetd_xfer_cb
                0x100045bc        0x4 CMakeFiles/led.dir/C_/Users/zlhgl/ese5190_lab2/pico/Downloads/pico-sdk/src/rp2_common/pico_stdio_usb/reset_interface.c.obj
 .text.reset_usb_boot
                0x100045c0       0x18 CMakeFiles/led.dir/C_/Users/zlhgl/ese5190_lab2/pico/Downloads/pico-sdk/src/rp2_common/pico_stdio_usb/reset_interface.c.obj
 .text.resetd_control_xfer_cb
                0x100045d8       0x5c CMakeFiles/led.dir/C_/Users/zlhgl/ese5190_lab2/pico/Downloads/pico-sdk/src/rp2_common/pico_stdio_usb/reset_interface.c.obj
 .text.usbd_app_driver_get_cb
                0x10004634        0xc CMakeFiles/led.dir/C_/Users/zlhgl/ese5190_lab2/pico/Downloads/pico-sdk/src/rp2_common/pico_stdio_usb/reset_interface.c.obj
                0x10004634                usbd_app_driver_get_cb
 .text.tud_cdc_line_coding_cb
                0x10004640       0x28 CMakeFiles/led.dir/C_/Users/zlhgl/ese5190_lab2/pico/Downloads/pico-sdk/src/rp2_common/pico_stdio_usb/reset_interface.c.obj
                0x10004640                tud_cdc_line_coding_cb
 .text.stdio_usb_in_chars
                0x10004668       0x70 CMakeFiles/led.dir/C_/Users/zlhgl/ese5190_lab2/pico/Downloads/pico-sdk/src/rp2_common/pico_stdio_usb/stdio_usb.c.obj
                0x10004668                stdio_usb_in_chars
 .text.low_priority_worker_irq
                0x100046d8       0x20 CMakeFiles/led.dir/C_/Users/zlhgl/ese5190_lab2/pico/Downloads/pico-sdk/src/rp2_common/pico_stdio_usb/stdio_usb.c.obj
 .text.stdio_usb_out_chars
                0x100046f8       0xd4 CMakeFiles/led.dir/C_/Users/zlhgl/ese5190_lab2/pico/Downloads/pico-sdk/src/rp2_common/pico_stdio_usb/stdio_usb.c.obj
 .text.update_us_since_boot
                0x100047cc       0x24 CMakeFiles/led.dir/C_/Users/zlhgl/ese5190_lab2/pico/Downloads/pico-sdk/src/rp2_common/pico_stdio_usb/stdio_usb.c.obj
 .text.get_absolute_time
                0x100047f0       0x22 CMakeFiles/led.dir/C_/Users/zlhgl/ese5190_lab2/pico/Downloads/pico-sdk/src/rp2_common/pico_stdio_usb/stdio_usb.c.obj
 .text.delayed_by_us
                0x10004812       0x36 CMakeFiles/led.dir/C_/Users/zlhgl/ese5190_lab2/pico/Downloads/pico-sdk/src/rp2_common/pico_stdio_usb/stdio_usb.c.obj
 .text.timer_task
                0x10004848       0x40 CMakeFiles/led.dir/C_/Users/zlhgl/ese5190_lab2/pico/Downloads/pico-sdk/src/rp2_common/pico_stdio_usb/stdio_usb.c.obj
 .text.usb_irq  0x10004888       0x10 CMakeFiles/led.dir/C_/Users/zlhgl/ese5190_lab2/pico/Downloads/pico-sdk/src/rp2_common/pico_stdio_usb/stdio_usb.c.obj
 .text.alarm_pool_add_alarm_in_us
                0x10004898       0x3a CMakeFiles/led.dir/C_/Users/zlhgl/ese5190_lab2/pico/Downloads/pico-sdk/src/rp2_common/pico_stdio_usb/stdio_usb.c.obj
 .text.add_alarm_in_us
                0x100048d2       0x2e CMakeFiles/led.dir/C_/Users/zlhgl/ese5190_lab2/pico/Downloads/pico-sdk/src/rp2_common/pico_stdio_usb/stdio_usb.c.obj
 .text.stdio_usb_init
                0x10004900       0x98 CMakeFiles/led.dir/C_/Users/zlhgl/ese5190_lab2/pico/Downloads/pico-sdk/src/rp2_common/pico_stdio_usb/stdio_usb.c.obj
                0x10004900                stdio_usb_init
 .text.tud_descriptor_device_cb
                0x10004998        0x8 CMakeFiles/led.dir/C_/Users/zlhgl/ese5190_lab2/pico/Downloads/pico-sdk/src/rp2_common/pico_stdio_usb/stdio_usb_descriptors.c.obj
                0x10004998                tud_descriptor_device_cb
 .text.tud_descriptor_configuration_cb
                0x100049a0        0x8 CMakeFiles/led.dir/C_/Users/zlhgl/ese5190_lab2/pico/Downloads/pico-sdk/src/rp2_common/pico_stdio_usb/stdio_usb_descriptors.c.obj
                0x100049a0                tud_descriptor_configuration_cb
 .text.tud_descriptor_string_cb
                0x100049a8       0x6c CMakeFiles/led.dir/C_/Users/zlhgl/ese5190_lab2/pico/Downloads/pico-sdk/src/rp2_common/pico_stdio_usb/stdio_usb_descriptors.c.obj
                0x100049a8                tud_descriptor_string_cb
 .text.hw_endpoint_get_by_addr
                0x10004a14       0x18 CMakeFiles/led.dir/C_/Users/zlhgl/ese5190_lab2/pico/Downloads/pico-sdk/lib/tinyusb/src/portable/raspberrypi/rp2040/dcd_rp2040.c.obj
 .text.reset_ep0_pid
                0x10004a2c       0x28 CMakeFiles/led.dir/C_/Users/zlhgl/ese5190_lab2/pico/Downloads/pico-sdk/lib/tinyusb/src/portable/raspberrypi/rp2040/dcd_rp2040.c.obj
 .text._hw_endpoint_alloc
                0x10004a54       0x70 CMakeFiles/led.dir/C_/Users/zlhgl/ese5190_lab2/pico/Downloads/pico-sdk/lib/tinyusb/src/portable/raspberrypi/rp2040/dcd_rp2040.c.obj
 .text.hw_endpoint_init
                0x10004ac4       0x88 CMakeFiles/led.dir/C_/Users/zlhgl/ese5190_lab2/pico/Downloads/pico-sdk/lib/tinyusb/src/portable/raspberrypi/rp2040/dcd_rp2040.c.obj
 .text.reset_non_control_endpoints
                0x10004b4c       0x40 CMakeFiles/led.dir/C_/Users/zlhgl/ese5190_lab2/pico/Downloads/pico-sdk/lib/tinyusb/src/portable/raspberrypi/rp2040/dcd_rp2040.c.obj
 .text.hw_handle_buff_status
                0x10004b8c       0x8c CMakeFiles/led.dir/C_/Users/zlhgl/ese5190_lab2/pico/Downloads/pico-sdk/lib/tinyusb/src/portable/raspberrypi/rp2040/dcd_rp2040.c.obj
 .text.dcd_rp2040_irq
                0x10004c18       0xc0 CMakeFiles/led.dir/C_/Users/zlhgl/ese5190_lab2/pico/Downloads/pico-sdk/lib/tinyusb/src/portable/raspberrypi/rp2040/dcd_rp2040.c.obj
 .text.hw_endpoint_xfer
                0x10004cd8       0x14 CMakeFiles/led.dir/C_/Users/zlhgl/ese5190_lab2/pico/Downloads/pico-sdk/lib/tinyusb/src/portable/raspberrypi/rp2040/dcd_rp2040.c.obj
 .text.dcd_int_enable
                0x10004cec       0x2c CMakeFiles/led.dir/C_/Users/zlhgl/ese5190_lab2/pico/Downloads/pico-sdk/lib/tinyusb/src/portable/raspberrypi/rp2040/dcd_rp2040.c.obj
                0x10004cec                dcd_int_enable
 .text.dcd_set_address
                0x10004d18       0x2c CMakeFiles/led.dir/C_/Users/zlhgl/ese5190_lab2/pico/Downloads/pico-sdk/lib/tinyusb/src/portable/raspberrypi/rp2040/dcd_rp2040.c.obj
                0x10004d18                dcd_set_address
 .text.dcd_connect
                0x10004d44       0x10 CMakeFiles/led.dir/C_/Users/zlhgl/ese5190_lab2/pico/Downloads/pico-sdk/lib/tinyusb/src/portable/raspberrypi/rp2040/dcd_rp2040.c.obj
                0x10004d44                dcd_connect
 .text.dcd_init
                0x10004d54       0x7c CMakeFiles/led.dir/C_/Users/zlhgl/ese5190_lab2/pico/Downloads/pico-sdk/lib/tinyusb/src/portable/raspberrypi/rp2040/dcd_rp2040.c.obj
                0x10004d54                dcd_init
 .text.dcd_edpt0_status_complete
                0x10004dd0       0x1c CMakeFiles/led.dir/C_/Users/zlhgl/ese5190_lab2/pico/Downloads/pico-sdk/lib/tinyusb/src/portable/raspberrypi/rp2040/dcd_rp2040.c.obj
                0x10004dd0                dcd_edpt0_status_complete
 .text.dcd_edpt_open
                0x10004dec       0x40 CMakeFiles/led.dir/C_/Users/zlhgl/ese5190_lab2/pico/Downloads/pico-sdk/lib/tinyusb/src/portable/raspberrypi/rp2040/dcd_rp2040.c.obj
                0x10004dec                dcd_edpt_open
 .text.dcd_edpt_close_all
                0x10004e2c        0x8 CMakeFiles/led.dir/C_/Users/zlhgl/ese5190_lab2/pico/Downloads/pico-sdk/lib/tinyusb/src/portable/raspberrypi/rp2040/dcd_rp2040.c.obj
                0x10004e2c                dcd_edpt_close_all
 .text.dcd_edpt_xfer
                0x10004e34       0x30 CMakeFiles/led.dir/C_/Users/zlhgl/ese5190_lab2/pico/Downloads/pico-sdk/lib/tinyusb/src/portable/raspberrypi/rp2040/dcd_rp2040.c.obj
                0x10004e34                dcd_edpt_xfer
 .text.dcd_edpt_stall
                0x10004e64       0x2c CMakeFiles/led.dir/C_/Users/zlhgl/ese5190_lab2/pico/Downloads/pico-sdk/lib/tinyusb/src/portable/raspberrypi/rp2040/dcd_rp2040.c.obj
                0x10004e64                dcd_edpt_stall
 .text.dcd_edpt_clear_stall
                0x10004e90       0x20 CMakeFiles/led.dir/C_/Users/zlhgl/ese5190_lab2/pico/Downloads/pico-sdk/lib/tinyusb/src/portable/raspberrypi/rp2040/dcd_rp2040.c.obj
                0x10004e90                dcd_edpt_clear_stall
 .text.prepare_ep_buffer
                0x10004eb0       0x6c CMakeFiles/led.dir/C_/Users/zlhgl/ese5190_lab2/pico/Downloads/pico-sdk/lib/tinyusb/src/portable/raspberrypi/rp2040/rp2040_usb.c.obj
 .text.sync_ep_buffer
                0x10004f1c       0x78 CMakeFiles/led.dir/C_/Users/zlhgl/ese5190_lab2/pico/Downloads/pico-sdk/lib/tinyusb/src/portable/raspberrypi/rp2040/rp2040_usb.c.obj
 .text._hw_endpoint_xfer_sync
                0x10004f94       0x28 CMakeFiles/led.dir/C_/Users/zlhgl/ese5190_lab2/pico/Downloads/pico-sdk/lib/tinyusb/src/portable/raspberrypi/rp2040/rp2040_usb.c.obj
 .text.rp2040_usb_init
                0x10004fbc       0x4c CMakeFiles/led.dir/C_/Users/zlhgl/ese5190_lab2/pico/Downloads/pico-sdk/lib/tinyusb/src/portable/raspberrypi/rp2040/rp2040_usb.c.obj
                0x10004fbc                rp2040_usb_init
 .text.hw_endpoint_reset_transfer
                0x10005008        0xc CMakeFiles/led.dir/C_/Users/zlhgl/ese5190_lab2/pico/Downloads/pico-sdk/lib/tinyusb/src/portable/raspberrypi/rp2040/rp2040_usb.c.obj
                0x10005008                hw_endpoint_reset_transfer
 .text._hw_endpoint_buffer_control_update32
                0x10005014       0x58 CMakeFiles/led.dir/C_/Users/zlhgl/ese5190_lab2/pico/Downloads/pico-sdk/lib/tinyusb/src/portable/raspberrypi/rp2040/rp2040_usb.c.obj
                0x10005014                _hw_endpoint_buffer_control_update32
 .text._hw_endpoint_start_next_buffer
                0x1000506c       0x74 CMakeFiles/led.dir/C_/Users/zlhgl/ese5190_lab2/pico/Downloads/pico-sdk/lib/tinyusb/src/portable/raspberrypi/rp2040/rp2040_usb.c.obj
 .text.hw_endpoint_xfer_start
                0x100050e0       0x48 CMakeFiles/led.dir/C_/Users/zlhgl/ese5190_lab2/pico/Downloads/pico-sdk/lib/tinyusb/src/portable/raspberrypi/rp2040/rp2040_usb.c.obj
                0x100050e0                hw_endpoint_xfer_start
 .text.hw_endpoint_xfer_continue
                0x10005128       0x38 CMakeFiles/led.dir/C_/Users/zlhgl/ese5190_lab2/pico/Downloads/pico-sdk/lib/tinyusb/src/portable/raspberrypi/rp2040/rp2040_usb.c.obj
                0x10005128                hw_endpoint_xfer_continue
 .text.configuration_reset
                0x10005160       0x84 CMakeFiles/led.dir/C_/Users/zlhgl/ese5190_lab2/pico/Downloads/pico-sdk/lib/tinyusb/src/device/usbd.c.obj
 .text.osal_queue_receive
                0x100051e4       0x30 CMakeFiles/led.dir/C_/Users/zlhgl/ese5190_lab2/pico/Downloads/pico-sdk/lib/tinyusb/src/device/usbd.c.obj
 .text.usbd_reset
                0x10005214        0xc CMakeFiles/led.dir/C_/Users/zlhgl/ese5190_lab2/pico/Downloads/pico-sdk/lib/tinyusb/src/device/usbd.c.obj
 .text.invoke_class_control
                0x10005220       0x1a CMakeFiles/led.dir/C_/Users/zlhgl/ese5190_lab2/pico/Downloads/pico-sdk/lib/tinyusb/src/device/usbd.c.obj
 *fill*         0x1000523a        0x2 
 .text.process_set_config
                0x1000523c      0x1b0 CMakeFiles/led.dir/C_/Users/zlhgl/ese5190_lab2/pico/Downloads/pico-sdk/lib/tinyusb/src/device/usbd.c.obj
 .text.process_get_descriptor
                0x100053ec       0xec CMakeFiles/led.dir/C_/Users/zlhgl/ese5190_lab2/pico/Downloads/pico-sdk/lib/tinyusb/src/device/usbd.c.obj
 .text.osal_queue_send
                0x100054d8       0x4c CMakeFiles/led.dir/C_/Users/zlhgl/ese5190_lab2/pico/Downloads/pico-sdk/lib/tinyusb/src/device/usbd.c.obj
 .text.tud_mounted
                0x10005524       0x10 CMakeFiles/led.dir/C_/Users/zlhgl/ese5190_lab2/pico/Downloads/pico-sdk/lib/tinyusb/src/device/usbd.c.obj
                0x10005524                tud_mounted
 .text.tud_suspended
                0x10005534       0x10 CMakeFiles/led.dir/C_/Users/zlhgl/ese5190_lab2/pico/Downloads/pico-sdk/lib/tinyusb/src/device/usbd.c.obj
                0x10005534                tud_suspended
 .text.tud_inited
                0x10005544        0xc CMakeFiles/led.dir/C_/Users/zlhgl/ese5190_lab2/pico/Downloads/pico-sdk/lib/tinyusb/src/device/usbd.c.obj
                0x10005544                tud_inited
 .text.tud_init
                0x10005550       0xcc CMakeFiles/led.dir/C_/Users/zlhgl/ese5190_lab2/pico/Downloads/pico-sdk/lib/tinyusb/src/device/usbd.c.obj
                0x10005550                tud_init
 .text.dcd_event_handler
                0x1000561c       0xd4 CMakeFiles/led.dir/C_/Users/zlhgl/ese5190_lab2/pico/Downloads/pico-sdk/lib/tinyusb/src/device/usbd.c.obj
                0x1000561c                dcd_event_handler
 .text.dcd_event_bus_signal
                0x100056f0       0x26 CMakeFiles/led.dir/C_/Users/zlhgl/ese5190_lab2/pico/Downloads/pico-sdk/lib/tinyusb/src/device/usbd.c.obj
                0x100056f0                dcd_event_bus_signal
 .text.dcd_event_bus_reset
                0x10005716       0x2a CMakeFiles/led.dir/C_/Users/zlhgl/ese5190_lab2/pico/Downloads/pico-sdk/lib/tinyusb/src/device/usbd.c.obj
                0x10005716                dcd_event_bus_reset
 .text.dcd_event_setup_received
                0x10005740       0x34 CMakeFiles/led.dir/C_/Users/zlhgl/ese5190_lab2/pico/Downloads/pico-sdk/lib/tinyusb/src/device/usbd.c.obj
                0x10005740                dcd_event_setup_received
 .text.dcd_event_xfer_complete
                0x10005774       0x44 CMakeFiles/led.dir/C_/Users/zlhgl/ese5190_lab2/pico/Downloads/pico-sdk/lib/tinyusb/src/device/usbd.c.obj
                0x10005774                dcd_event_xfer_complete
 .text.usbd_edpt_open
                0x100057b8       0x58 CMakeFiles/led.dir/C_/Users/zlhgl/ese5190_lab2/pico/Downloads/pico-sdk/lib/tinyusb/src/device/usbd.c.obj
                0x100057b8                usbd_edpt_open
 .text.usbd_open_edpt_pair
                0x10005810       0x8c CMakeFiles/led.dir/C_/Users/zlhgl/ese5190_lab2/pico/Downloads/pico-sdk/lib/tinyusb/src/device/usbd.c.obj
                0x10005810                usbd_open_edpt_pair
 .text.usbd_edpt_claim
                0x1000589c       0x8c CMakeFiles/led.dir/C_/Users/zlhgl/ese5190_lab2/pico/Downloads/pico-sdk/lib/tinyusb/src/device/usbd.c.obj
                0x1000589c                usbd_edpt_claim
 .text.usbd_edpt_release
                0x10005928       0x60 CMakeFiles/led.dir/C_/Users/zlhgl/ese5190_lab2/pico/Downloads/pico-sdk/lib/tinyusb/src/device/usbd.c.obj
                0x10005928                usbd_edpt_release
 .text.usbd_edpt_xfer
                0x10005988       0x80 CMakeFiles/led.dir/C_/Users/zlhgl/ese5190_lab2/pico/Downloads/pico-sdk/lib/tinyusb/src/device/usbd.c.obj
                0x10005988                usbd_edpt_xfer
 .text.usbd_edpt_stall
                0x10005a08       0x40 CMakeFiles/led.dir/C_/Users/zlhgl/ese5190_lab2/pico/Downloads/pico-sdk/lib/tinyusb/src/device/usbd.c.obj
                0x10005a08                usbd_edpt_stall
 .text.usbd_edpt_clear_stall
                0x10005a48       0x40 CMakeFiles/led.dir/C_/Users/zlhgl/ese5190_lab2/pico/Downloads/pico-sdk/lib/tinyusb/src/device/usbd.c.obj
                0x10005a48                usbd_edpt_clear_stall
 .text.usbd_edpt_stalled
                0x10005a88       0x1c CMakeFiles/led.dir/C_/Users/zlhgl/ese5190_lab2/pico/Downloads/pico-sdk/lib/tinyusb/src/device/usbd.c.obj
                0x10005a88                usbd_edpt_stalled
 .text.process_control_request
                0x10005aa4      0x3b0 CMakeFiles/led.dir/C_/Users/zlhgl/ese5190_lab2/pico/Downloads/pico-sdk/lib/tinyusb/src/device/usbd.c.obj
 .text.tud_task
                0x10005e54      0x1f0 CMakeFiles/led.dir/C_/Users/zlhgl/ese5190_lab2/pico/Downloads/pico-sdk/lib/tinyusb/src/device/usbd.c.obj
                0x10005e54                tud_task
 .text._status_stage_xact
                0x10006044       0x1a CMakeFiles/led.dir/C_/Users/zlhgl/ese5190_lab2/pico/Downloads/pico-sdk/lib/tinyusb/src/device/usbd_control.c.obj
 *fill*         0x1000605e        0x2 
 .text._data_stage_xact
                0x10006060       0x58 CMakeFiles/led.dir/C_/Users/zlhgl/ese5190_lab2/pico/Downloads/pico-sdk/lib/tinyusb/src/device/usbd_control.c.obj
 .text.tud_control_status
                0x100060b8       0x28 CMakeFiles/led.dir/C_/Users/zlhgl/ese5190_lab2/pico/Downloads/pico-sdk/lib/tinyusb/src/device/usbd_control.c.obj
                0x100060b8                tud_control_status
 .text.tud_control_xfer
                0x100060e0       0x98 CMakeFiles/led.dir/C_/Users/zlhgl/ese5190_lab2/pico/Downloads/pico-sdk/lib/tinyusb/src/device/usbd_control.c.obj
                0x100060e0                tud_control_xfer
 .text.usbd_control_reset
                0x10006178       0x14 CMakeFiles/led.dir/C_/Users/zlhgl/ese5190_lab2/pico/Downloads/pico-sdk/lib/tinyusb/src/device/usbd_control.c.obj
                0x10006178                usbd_control_reset
 .text.usbd_control_set_complete_callback
                0x1000618c        0xc CMakeFiles/led.dir/C_/Users/zlhgl/ese5190_lab2/pico/Downloads/pico-sdk/lib/tinyusb/src/device/usbd_control.c.obj
                0x1000618c                usbd_control_set_complete_callback
 .text.usbd_control_set_request
                0x10006198       0x1c CMakeFiles/led.dir/C_/Users/zlhgl/ese5190_lab2/pico/Downloads/pico-sdk/lib/tinyusb/src/device/usbd_control.c.obj
                0x10006198                usbd_control_set_request
 .text.usbd_control_xfer_cb
                0x100061b4       0xe8 CMakeFiles/led.dir/C_/Users/zlhgl/ese5190_lab2/pico/Downloads/pico-sdk/lib/tinyusb/src/device/usbd_control.c.obj
                0x100061b4                usbd_control_xfer_cb
 .text._prep_out_transaction
                0x1000629c       0x46 CMakeFiles/led.dir/C_/Users/zlhgl/ese5190_lab2/pico/Downloads/pico-sdk/lib/tinyusb/src/class/cdc/cdc_device.c.obj
 *fill*         0x100062e2        0x2 
 .text.tud_cdc_n_connected
                0x100062e4       0x38 CMakeFiles/led.dir/C_/Users/zlhgl/ese5190_lab2/pico/Downloads/pico-sdk/lib/tinyusb/src/class/cdc/cdc_device.c.obj
                0x100062e4                tud_cdc_n_connected
 .text.tud_cdc_n_available
                0x1000631c       0x18 CMakeFiles/led.dir/C_/Users/zlhgl/ese5190_lab2/pico/Downloads/pico-sdk/lib/tinyusb/src/class/cdc/cdc_device.c.obj
                0x1000631c                tud_cdc_n_available
 .text.tud_cdc_n_read
                0x10006334       0x28 CMakeFiles/led.dir/C_/Users/zlhgl/ese5190_lab2/pico/Downloads/pico-sdk/lib/tinyusb/src/class/cdc/cdc_device.c.obj
                0x10006334                tud_cdc_n_read
 .text.tud_cdc_n_write_flush
                0x1000635c       0xcc CMakeFiles/led.dir/C_/Users/zlhgl/ese5190_lab2/pico/Downloads/pico-sdk/lib/tinyusb/src/class/cdc/cdc_device.c.obj
                0x1000635c                tud_cdc_n_write_flush
 .text.tud_cdc_n_write
                0x10006428       0x38 CMakeFiles/led.dir/C_/Users/zlhgl/ese5190_lab2/pico/Downloads/pico-sdk/lib/tinyusb/src/class/cdc/cdc_device.c.obj
                0x10006428                tud_cdc_n_write
 .text.tud_cdc_n_write_available
                0x10006460       0x1c CMakeFiles/led.dir/C_/Users/zlhgl/ese5190_lab2/pico/Downloads/pico-sdk/lib/tinyusb/src/class/cdc/cdc_device.c.obj
                0x10006460                tud_cdc_n_write_available
 .text.cdcd_init
                0x1000647c       0xbc CMakeFiles/led.dir/C_/Users/zlhgl/ese5190_lab2/pico/Downloads/pico-sdk/lib/tinyusb/src/class/cdc/cdc_device.c.obj
                0x1000647c                cdcd_init
 .text.cdcd_reset
                0x10006538       0x44 CMakeFiles/led.dir/C_/Users/zlhgl/ese5190_lab2/pico/Downloads/pico-sdk/lib/tinyusb/src/class/cdc/cdc_device.c.obj
                0x10006538                cdcd_reset
 .text.cdcd_open
                0x1000657c       0xf0 CMakeFiles/led.dir/C_/Users/zlhgl/ese5190_lab2/pico/Downloads/pico-sdk/lib/tinyusb/src/class/cdc/cdc_device.c.obj
                0x1000657c                cdcd_open
 .text.cdcd_control_xfer_cb
                0x1000666c      0x134 CMakeFiles/led.dir/C_/Users/zlhgl/ese5190_lab2/pico/Downloads/pico-sdk/lib/tinyusb/src/class/cdc/cdc_device.c.obj
                0x1000666c                cdcd_control_xfer_cb
 .text.cdcd_xfer_cb
                0x100067a0      0x144 CMakeFiles/led.dir/C_/Users/zlhgl/ese5190_lab2/pico/Downloads/pico-sdk/lib/tinyusb/src/class/cdc/cdc_device.c.obj
                0x100067a0                cdcd_xfer_cb
 .text.tusb_init
                0x100068e4       0x24 CMakeFiles/led.dir/C_/Users/zlhgl/ese5190_lab2/pico/Downloads/pico-sdk/lib/tinyusb/src/tusb.c.obj
                0x100068e4                tusb_init
 .text.tusb_inited
                0x10006908        0xe CMakeFiles/led.dir/C_/Users/zlhgl/ese5190_lab2/pico/Downloads/pico-sdk/lib/tinyusb/src/tusb.c.obj
                0x10006908                tusb_inited
 *fill*         0x10006916        0x2 
 .text.tu_edpt_validate
                0x10006918       0xa8 CMakeFiles/led.dir/C_/Users/zlhgl/ese5190_lab2/pico/Downloads/pico-sdk/lib/tinyusb/src/tusb.c.obj
                0x10006918                tu_edpt_validate
 .text.tu_edpt_bind_driver
                0x100069c0       0x2a CMakeFiles/led.dir/C_/Users/zlhgl/ese5190_lab2/pico/Downloads/pico-sdk/lib/tinyusb/src/tusb.c.obj
                0x100069c0                tu_edpt_bind_driver
 .text.advance_pointer
                0x100069ea       0x18 CMakeFiles/led.dir/C_/Users/zlhgl/ese5190_lab2/pico/Downloads/pico-sdk/lib/tinyusb/src/common/tusb_fifo.c.obj
 .text.backward_pointer
                0x10006a02       0x1e CMakeFiles/led.dir/C_/Users/zlhgl/ese5190_lab2/pico/Downloads/pico-sdk/lib/tinyusb/src/common/tusb_fifo.c.obj
 .text.get_relative_pointer
                0x10006a20       0x10 CMakeFiles/led.dir/C_/Users/zlhgl/ese5190_lab2/pico/Downloads/pico-sdk/lib/tinyusb/src/common/tusb_fifo.c.obj
 .text._tu_fifo_peek
                0x10006a30       0x50 CMakeFiles/led.dir/C_/Users/zlhgl/ese5190_lab2/pico/Downloads/pico-sdk/lib/tinyusb/src/common/tusb_fifo.c.obj
 .text._ff_pull_const_addr
                0x10006a80       0x4c CMakeFiles/led.dir/C_/Users/zlhgl/ese5190_lab2/pico/Downloads/pico-sdk/lib/tinyusb/src/common/tusb_fifo.c.obj
 .text._ff_pull_n
                0x10006acc      0x10c CMakeFiles/led.dir/C_/Users/zlhgl/ese5190_lab2/pico/Downloads/pico-sdk/lib/tinyusb/src/common/tusb_fifo.c.obj
 .text._tu_fifo_peek_n
                0x10006bd8       0x5e CMakeFiles/led.dir/C_/Users/zlhgl/ese5190_lab2/pico/Downloads/pico-sdk/lib/tinyusb/src/common/tusb_fifo.c.obj
 .text._tu_fifo_read_n
                0x10006c36       0x4e CMakeFiles/led.dir/C_/Users/zlhgl/ese5190_lab2/pico/Downloads/pico-sdk/lib/tinyusb/src/common/tusb_fifo.c.obj
 .text._ff_push_const_addr
                0x10006c84       0x40 CMakeFiles/led.dir/C_/Users/zlhgl/ese5190_lab2/pico/Downloads/pico-sdk/lib/tinyusb/src/common/tusb_fifo.c.obj
 .text._ff_push_n
                0x10006cc4      0x108 CMakeFiles/led.dir/C_/Users/zlhgl/ese5190_lab2/pico/Downloads/pico-sdk/lib/tinyusb/src/common/tusb_fifo.c.obj
 .text._tu_fifo_write_n
                0x10006dcc       0x9e CMakeFiles/led.dir/C_/Users/zlhgl/ese5190_lab2/pico/Downloads/pico-sdk/lib/tinyusb/src/common/tusb_fifo.c.obj
 .text.tu_fifo_config
                0x10006e6a       0x72 CMakeFiles/led.dir/C_/Users/zlhgl/ese5190_lab2/pico/Downloads/pico-sdk/lib/tinyusb/src/common/tusb_fifo.c.obj
                0x10006e6a                tu_fifo_config
 .text.tu_fifo_count
                0x10006edc       0x26 CMakeFiles/led.dir/C_/Users/zlhgl/ese5190_lab2/pico/Downloads/pico-sdk/lib/tinyusb/src/common/tusb_fifo.c.obj
                0x10006edc                tu_fifo_count
 .text.tu_fifo_empty
                0x10006f02        0xe CMakeFiles/led.dir/C_/Users/zlhgl/ese5190_lab2/pico/Downloads/pico-sdk/lib/tinyusb/src/common/tusb_fifo.c.obj
                0x10006f02                tu_fifo_empty
 .text.tu_fifo_remaining
                0x10006f10       0x20 CMakeFiles/led.dir/C_/Users/zlhgl/ese5190_lab2/pico/Downloads/pico-sdk/lib/tinyusb/src/common/tusb_fifo.c.obj
                0x10006f10                tu_fifo_remaining
 .text.tu_fifo_read
                0x10006f30       0x42 CMakeFiles/led.dir/C_/Users/zlhgl/ese5190_lab2/pico/Downloads/pico-sdk/lib/tinyusb/src/common/tusb_fifo.c.obj
                0x10006f30                tu_fifo_read
 .text.tu_fifo_read_n
                0x10006f72        0xa CMakeFiles/led.dir/C_/Users/zlhgl/ese5190_lab2/pico/Downloads/pico-sdk/lib/tinyusb/src/common/tusb_fifo.c.obj
                0x10006f72                tu_fifo_read_n
 .text.tu_fifo_write
                0x10006f7c       0x6a CMakeFiles/led.dir/C_/Users/zlhgl/ese5190_lab2/pico/Downloads/pico-sdk/lib/tinyusb/src/common/tusb_fifo.c.obj
                0x10006f7c                tu_fifo_write
 .text.tu_fifo_write_n
                0x10006fe6        0xa CMakeFiles/led.dir/C_/Users/zlhgl/ese5190_lab2/pico/Downloads/pico-sdk/lib/tinyusb/src/common/tusb_fifo.c.obj
                0x10006fe6                tu_fifo_write_n
 .text.tu_fifo_clear
                0x10006ff0       0x4c CMakeFiles/led.dir/C_/Users/zlhgl/ese5190_lab2/pico/Downloads/pico-sdk/lib/tinyusb/src/common/tusb_fifo.c.obj
                0x10006ff0                tu_fifo_clear
 .text.tu_fifo_set_overwritable
                0x1000703c       0x3c CMakeFiles/led.dir/C_/Users/zlhgl/ese5190_lab2/pico/Downloads/pico-sdk/lib/tinyusb/src/common/tusb_fifo.c.obj
                0x1000703c                tu_fifo_set_overwritable
 .text._retrieve_unique_id_on_boot
                0x10007078       0x10 CMakeFiles/led.dir/C_/Users/zlhgl/ese5190_lab2/pico/Downloads/pico-sdk/src/rp2_common/pico_unique_id/unique_id.c.obj
 .text.pico_get_unique_board_id_string
                0x10007088       0x5c CMakeFiles/led.dir/C_/Users/zlhgl/ese5190_lab2/pico/Downloads/pico-sdk/src/rp2_common/pico_unique_id/unique_id.c.obj
                0x10007088                pico_get_unique_board_id_string
 .text.flash_get_unique_id
                0x100070e4       0x46 CMakeFiles/led.dir/C_/Users/zlhgl/ese5190_lab2/pico/Downloads/pico-sdk/src/rp2_common/hardware_flash/flash.c.obj
                0x100070e4                flash_get_unique_id
 *fill*         0x1000712a        0x2 
 .text.strlen   0x1000712c       0x5c c:/progra~2/armgnu~1/1213fb~1.2mp/bin/../lib/gcc/arm-none-eabi/12.2.0/thumb/v6-m/nofp\libg.a(libc_a-strlen-stub.o)
                0x1000712c                strlen
 *(.fini)
 .fini          0x10007188        0x4 c:/progra~2/armgnu~1/1213fb~1.2mp/bin/../lib/gcc/arm-none-eabi/12.2.0/thumb/v6-m/nofp/crti.o
                0x10007188                _fini
 *fill*         0x1000718c        0x4 
 .fini.__stub   0x10007190       0x70 linker stubs
 *crtbegin.o(.ctors)
 *crtbegin?.o(.ctors)
 *(EXCLUDE_FILE(*crtend.o *crtend?.o) .ctors)
 *(SORT_BY_NAME(.ctors.*))
 *(.ctors)
 *crtbegin.o(.dtors)
 *crtbegin?.o(.dtors)
 *(EXCLUDE_FILE(*crtend.o *crtend?.o) .dtors)
 *(SORT_BY_NAME(.dtors.*))
 *(.dtors)
 *(.eh_frame*)
 .eh_frame      0x10007200        0x0 c:/progra~2/armgnu~1/1213fb~1.2mp/bin/../lib/gcc/arm-none-eabi/12.2.0/thumb/v6-m/nofp/crtbegin.o
                0x10007200                        . = ALIGN (0x4)

.glue_7         0x10007200        0x0
 .glue_7        0x10007200        0x0 linker stubs

.glue_7t        0x10007200        0x0
 .glue_7t       0x10007200        0x0 linker stubs

.vfp11_veneer   0x10007200        0x0
 .vfp11_veneer  0x10007200        0x0 linker stubs

.v4_bx          0x10007200        0x0
 .v4_bx         0x10007200        0x0 linker stubs

.iplt           0x10007200        0x0
 .iplt          0x10007200        0x0 c:/progra~2/armgnu~1/1213fb~1.2mp/bin/../lib/gcc/arm-none-eabi/12.2.0/thumb/v6-m/nofp/crtbegin.o

.rodata         0x10007200     0x17fc
 *(EXCLUDE_FILE(*libm.a: *libc.a:*lib_a-mem*.o *libgcc.a:) .rodata*)
 .rodata.spin_lock_claim_unused.str1.4
                0x10007200       0x1b CMakeFiles/led.dir/C_/Users/zlhgl/ese5190_lab2/pico/Downloads/pico-sdk/src/rp2_common/hardware_sync/sync.c.obj
 *fill*         0x1000721b        0x1 
 .rodata.resolve_branch.str1.4
                0x1000721c       0x6e CMakeFiles/led.dir/C_/Users/zlhgl/ese5190_lab2/pico/Downloads/pico-sdk/src/rp2_common/hardware_irq/irq.c.obj
 *fill*         0x1000728a        0x2 
 .rodata.make_branch.str1.4
                0x1000728c       0x30 CMakeFiles/led.dir/C_/Users/zlhgl/ese5190_lab2/pico/Downloads/pico-sdk/src/rp2_common/hardware_irq/irq.c.obj
 .rodata.insert_branch_and_link.str1.4
                0x100072bc       0x10 CMakeFiles/led.dir/C_/Users/zlhgl/ese5190_lab2/pico/Downloads/pico-sdk/src/rp2_common/hardware_irq/irq.c.obj
 .rodata.irq_set_exclusive_handler.str1.4
                0x100072cc       0x36 CMakeFiles/led.dir/C_/Users/zlhgl/ese5190_lab2/pico/Downloads/pico-sdk/src/rp2_common/hardware_irq/irq.c.obj
 *fill*         0x10007302        0x2 
 .rodata.irq_add_shared_handler.str1.4
                0x10007304       0xc2 CMakeFiles/led.dir/C_/Users/zlhgl/ese5190_lab2/pico/Downloads/pico-sdk/src/rp2_common/hardware_irq/irq.c.obj
 *fill*         0x100073c6        0x2 
 .rodata.irq_remove_handler.str1.4
                0x100073c8       0x2a CMakeFiles/led.dir/C_/Users/zlhgl/ese5190_lab2/pico/Downloads/pico-sdk/src/rp2_common/hardware_irq/irq.c.obj
 *fill*         0x100073f2        0x2 
 .rodata.irq_add_tail_to_free_list.str1.4
                0x100073f4       0x3a CMakeFiles/led.dir/C_/Users/zlhgl/ese5190_lab2/pico/Downloads/pico-sdk/src/rp2_common/hardware_irq/irq.c.obj
 *fill*         0x1000742e        0x2 
 .rodata.user_irq_claim_unused.str1.4
                0x10007430       0x1b CMakeFiles/led.dir/C_/Users/zlhgl/ese5190_lab2/pico/Downloads/pico-sdk/src/rp2_common/hardware_irq/irq.c.obj
 *fill*         0x1000744b        0x1 
 .rodata.__func__.0
                0x1000744c       0x1a CMakeFiles/led.dir/C_/Users/zlhgl/ese5190_lab2/pico/Downloads/pico-sdk/src/rp2_common/hardware_irq/irq.c.obj
 *fill*         0x10007466        0x2 
 .rodata.__func__.1
                0x10007468       0x17 CMakeFiles/led.dir/C_/Users/zlhgl/ese5190_lab2/pico/Downloads/pico-sdk/src/rp2_common/hardware_irq/irq.c.obj
 *fill*         0x1000747f        0x1 
 .rodata.__func__.2
                0x10007480       0x13 CMakeFiles/led.dir/C_/Users/zlhgl/ese5190_lab2/pico/Downloads/pico-sdk/src/rp2_common/hardware_irq/irq.c.obj
 *fill*         0x10007493        0x1 
 .rodata.__func__.3
                0x10007494        0xc CMakeFiles/led.dir/C_/Users/zlhgl/ese5190_lab2/pico/Downloads/pico-sdk/src/rp2_common/hardware_irq/irq.c.obj
 .rodata.__func__.4
                0x100074a0        0xf CMakeFiles/led.dir/C_/Users/zlhgl/ese5190_lab2/pico/Downloads/pico-sdk/src/rp2_common/hardware_irq/irq.c.obj
 *fill*         0x100074af        0x1 
 .rodata.__func__.5
                0x100074b0       0x17 CMakeFiles/led.dir/C_/Users/zlhgl/ese5190_lab2/pico/Downloads/pico-sdk/src/rp2_common/hardware_irq/irq.c.obj
 *fill*         0x100074c7        0x1 
 .rodata.__func__.6
                0x100074c8       0x1a CMakeFiles/led.dir/C_/Users/zlhgl/ese5190_lab2/pico/Downloads/pico-sdk/src/rp2_common/hardware_irq/irq.c.obj
 *fill*         0x100074e2        0x2 
 .rodata.get_entry.str1.4
                0x100074e4       0x74 CMakeFiles/led.dir/C_/Users/zlhgl/ese5190_lab2/pico/Downloads/pico-sdk/src/common/pico_time/time.c.obj
 .rodata.update_us_since_boot.str1.4
                0x10007558       0x7a CMakeFiles/led.dir/C_/Users/zlhgl/ese5190_lab2/pico/Downloads/pico-sdk/src/common/pico_time/time.c.obj
 *fill*         0x100075d2        0x2 
 .rodata.ph_get_node.str1.4
                0x100075d4       0x7f CMakeFiles/led.dir/C_/Users/zlhgl/ese5190_lab2/pico/Downloads/pico-sdk/src/common/pico_time/time.c.obj
 *fill*         0x10007653        0x1 
 .rodata.ph_add_child_node.str1.4
                0x10007654       0x2e CMakeFiles/led.dir/C_/Users/zlhgl/ese5190_lab2/pico/Downloads/pico-sdk/src/common/pico_time/time.c.obj
 *fill*         0x10007682        0x2 
 .rodata.ph_insert_node.str1.4
                0x10007684        0x3 CMakeFiles/led.dir/C_/Users/zlhgl/ese5190_lab2/pico/Downloads/pico-sdk/src/common/pico_time/time.c.obj
 *fill*         0x10007687        0x1 
 .rodata.ph_free_node.str1.4
                0x10007688       0x22 CMakeFiles/led.dir/C_/Users/zlhgl/ese5190_lab2/pico/Downloads/pico-sdk/src/common/pico_time/time.c.obj
 *fill*         0x100076aa        0x2 
 .rodata.add_alarm_under_lock.str1.4
                0x100076ac       0x28 CMakeFiles/led.dir/C_/Users/zlhgl/ese5190_lab2/pico/Downloads/pico-sdk/src/common/pico_time/time.c.obj
 .rodata.alarm_pool_alarm_callback.str1.4
                0x100076d4       0x60 CMakeFiles/led.dir/C_/Users/zlhgl/ese5190_lab2/pico/Downloads/pico-sdk/src/common/pico_time/time.c.obj
 .rodata.alarm_pool_get_default.str1.4
                0x10007734       0x21 CMakeFiles/led.dir/C_/Users/zlhgl/ese5190_lab2/pico/Downloads/pico-sdk/src/common/pico_time/time.c.obj
 *fill*         0x10007755        0x3 
 .rodata.alarm_pool_cancel_alarm.str1.4
                0x10007758       0x27 CMakeFiles/led.dir/C_/Users/zlhgl/ese5190_lab2/pico/Downloads/pico-sdk/src/common/pico_time/time.c.obj
 *fill*         0x1000777f        0x1 
 .rodata.__func__.1
                0x10007780       0x18 CMakeFiles/led.dir/C_/Users/zlhgl/ese5190_lab2/pico/Downloads/pico-sdk/src/common/pico_time/time.c.obj
 .rodata.__func__.3
                0x10007798       0x17 CMakeFiles/led.dir/C_/Users/zlhgl/ese5190_lab2/pico/Downloads/pico-sdk/src/common/pico_time/time.c.obj
 *fill*         0x100077af        0x1 
 .rodata.__func__.4
                0x100077b0       0x12 CMakeFiles/led.dir/C_/Users/zlhgl/ese5190_lab2/pico/Downloads/pico-sdk/src/common/pico_time/time.c.obj
 *fill*         0x100077c2        0x2 
 .rodata.__func__.5
                0x100077c4        0xd CMakeFiles/led.dir/C_/Users/zlhgl/ese5190_lab2/pico/Downloads/pico-sdk/src/common/pico_time/time.c.obj
 *fill*         0x100077d1        0x3 
 .rodata.__func__.6
                0x100077d4       0x12 CMakeFiles/led.dir/C_/Users/zlhgl/ese5190_lab2/pico/Downloads/pico-sdk/src/common/pico_time/time.c.obj
 *fill*         0x100077e6        0x2 
 .rodata.__func__.7
                0x100077e8        0xf CMakeFiles/led.dir/C_/Users/zlhgl/ese5190_lab2/pico/Downloads/pico-sdk/src/common/pico_time/time.c.obj
 *fill*         0x100077f7        0x1 
 .rodata.__func__.8
                0x100077f8        0xc CMakeFiles/led.dir/C_/Users/zlhgl/ese5190_lab2/pico/Downloads/pico-sdk/src/common/pico_time/time.c.obj
 .rodata.__func__.9
                0x10007804       0x15 CMakeFiles/led.dir/C_/Users/zlhgl/ese5190_lab2/pico/Downloads/pico-sdk/src/common/pico_time/time.c.obj
 *fill*         0x10007819        0x3 
 .rodata.__func__.10
                0x1000781c       0x15 CMakeFiles/led.dir/C_/Users/zlhgl/ese5190_lab2/pico/Downloads/pico-sdk/src/common/pico_time/time.c.obj
 *fill*         0x10007831        0x3 
 .rodata.__func__.11
                0x10007834       0x1a CMakeFiles/led.dir/C_/Users/zlhgl/ese5190_lab2/pico/Downloads/pico-sdk/src/common/pico_time/time.c.obj
 *fill*         0x1000784e        0x2 
 .rodata.__func__.12
                0x10007850        0xa CMakeFiles/led.dir/C_/Users/zlhgl/ese5190_lab2/pico/Downloads/pico-sdk/src/common/pico_time/time.c.obj
 *fill*         0x1000785a        0x2 
 .rodata.hardware_alarm_claim.str1.4
                0x1000785c       0x22 CMakeFiles/led.dir/C_/Users/zlhgl/ese5190_lab2/pico/Downloads/pico-sdk/src/rp2_common/hardware_timer/timer.c.obj
 *fill*         0x1000787e        0x2 
 .rodata.hardware_alarm_set_target.str1.4
                0x10007880       0x7e CMakeFiles/led.dir/C_/Users/zlhgl/ese5190_lab2/pico/Downloads/pico-sdk/src/rp2_common/hardware_timer/timer.c.obj
 *fill*         0x100078fe        0x2 
 .rodata.__func__.0
                0x10007900       0x1a CMakeFiles/led.dir/C_/Users/zlhgl/ese5190_lab2/pico/Downloads/pico-sdk/src/rp2_common/hardware_timer/timer.c.obj
 .rodata.ph_get_node.str1.4
                0x1000791a       0x7f CMakeFiles/led.dir/C_/Users/zlhgl/ese5190_lab2/pico/Downloads/pico-sdk/src/common/pico_util/pheap.c.obj
 .rodata.ph_add_child_node.str1.4
                0x1000791a       0x2e CMakeFiles/led.dir/C_/Users/zlhgl/ese5190_lab2/pico/Downloads/pico-sdk/src/common/pico_util/pheap.c.obj
 *fill*         0x1000791a        0x2 
 .rodata.ph_remove_any_head.str1.4
                0x1000791c       0xa8 CMakeFiles/led.dir/C_/Users/zlhgl/ese5190_lab2/pico/Downloads/pico-sdk/src/common/pico_util/pheap.c.obj
 .rodata.ph_remove_and_free_node.str1.4
                0x100079c4       0x1e CMakeFiles/led.dir/C_/Users/zlhgl/ese5190_lab2/pico/Downloads/pico-sdk/src/common/pico_util/pheap.c.obj
                                 0x26 (size before relaxing)
 *fill*         0x100079e2        0x2 
 .rodata.__func__.0
                0x100079e4       0x18 CMakeFiles/led.dir/C_/Users/zlhgl/ese5190_lab2/pico/Downloads/pico-sdk/src/common/pico_util/pheap.c.obj
 .rodata.__func__.1
                0x100079fc       0x13 CMakeFiles/led.dir/C_/Users/zlhgl/ese5190_lab2/pico/Downloads/pico-sdk/src/common/pico_util/pheap.c.obj
 *fill*         0x10007a0f        0x1 
 .rodata.__func__.2
                0x10007a10       0x12 CMakeFiles/led.dir/C_/Users/zlhgl/ese5190_lab2/pico/Downloads/pico-sdk/src/common/pico_util/pheap.c.obj
 *fill*         0x10007a22        0x2 
 .rodata.__func__.3
                0x10007a24        0xc CMakeFiles/led.dir/C_/Users/zlhgl/ese5190_lab2/pico/Downloads/pico-sdk/src/common/pico_util/pheap.c.obj
 .rodata.update_us_since_boot.str1.4
                0x10007a30       0x7a CMakeFiles/led.dir/C_/Users/zlhgl/ese5190_lab2/pico/Downloads/pico-sdk/src/common/pico_sync/mutex.c.obj
 .rodata.str1.4
                0x10007a30       0xa5 CMakeFiles/led.dir/C_/Users/zlhgl/ese5190_lab2/pico/Downloads/pico-sdk/src/common/pico_sync/mutex.c.obj
 *fill*         0x10007ad5        0x3 
 .rodata.__func__.1
                0x10007ad8        0xb CMakeFiles/led.dir/C_/Users/zlhgl/ese5190_lab2/pico/Downloads/pico-sdk/src/common/pico_sync/mutex.c.obj
 *fill*         0x10007ae3        0x1 
 .rodata.__func__.3
                0x10007ae4       0x18 CMakeFiles/led.dir/C_/Users/zlhgl/ese5190_lab2/pico/Downloads/pico-sdk/src/common/pico_sync/mutex.c.obj
 .rodata.__func__.4
                0x10007afc       0x15 CMakeFiles/led.dir/C_/Users/zlhgl/ese5190_lab2/pico/Downloads/pico-sdk/src/common/pico_sync/mutex.c.obj
 *fill*         0x10007b11        0x3 
 .rodata.__assert_func.str1.4
                0x10007b14       0x3f CMakeFiles/led.dir/C_/Users/zlhgl/ese5190_lab2/pico/Downloads/pico-sdk/src/rp2_common/pico_runtime/runtime.c.obj
                                 0x43 (size before relaxing)
 *fill*         0x10007b53        0x1 
 .rodata.runtime_init.str1.4
                0x10007b54       0x7a CMakeFiles/led.dir/C_/Users/zlhgl/ese5190_lab2/pico/Downloads/pico-sdk/src/rp2_common/pico_runtime/runtime.c.obj
 *fill*         0x10007bce        0x2 
 .rodata.panic.str1.4
                0x10007bd0       0x12 CMakeFiles/led.dir/C_/Users/zlhgl/ese5190_lab2/pico/Downloads/pico-sdk/src/rp2_common/pico_runtime/runtime.c.obj
 *fill*         0x10007be2        0x2 
 .rodata.__func__.1
                0x10007be4        0xd CMakeFiles/led.dir/C_/Users/zlhgl/ese5190_lab2/pico/Downloads/pico-sdk/src/rp2_common/pico_runtime/runtime.c.obj
 *fill*         0x10007bf1        0x3 
 .rodata.clock_configure.str1.4
                0x10007bf4       0x70 CMakeFiles/led.dir/C_/Users/zlhgl/ese5190_lab2/pico/Downloads/pico-sdk/src/rp2_common/hardware_clocks/clocks.c.obj
 .rodata.__func__.1
                0x10007c64       0x10 CMakeFiles/led.dir/C_/Users/zlhgl/ese5190_lab2/pico/Downloads/pico-sdk/src/rp2_common/hardware_clocks/clocks.c.obj
 .rodata.pll_init.str1.4
                0x10007c74      0x153 CMakeFiles/led.dir/C_/Users/zlhgl/ese5190_lab2/pico/Downloads/pico-sdk/src/rp2_common/hardware_pll/pll.c.obj
 *fill*         0x10007dc7        0x1 
 .rodata.__func__.0
                0x10007dc8        0x9 CMakeFiles/led.dir/C_/Users/zlhgl/ese5190_lab2/pico/Downloads/pico-sdk/src/rp2_common/hardware_pll/pll.c.obj
 *fill*         0x10007dd1        0x3 
 .rodata._ftoa.str1.4
                0x10007dd4       0x15 CMakeFiles/led.dir/C_/Users/zlhgl/ese5190_lab2/pico/Downloads/pico-sdk/src/rp2_common/pico_printf/printf.c.obj
 *fill*         0x10007de9        0x3 
 .rodata._vsnprintf
                0x10007dec      0x19c CMakeFiles/led.dir/C_/Users/zlhgl/ese5190_lab2/pico/Downloads/pico-sdk/src/rp2_common/pico_printf/printf.c.obj
 .rodata.pow10.0
                0x10007f88       0x50 CMakeFiles/led.dir/C_/Users/zlhgl/ese5190_lab2/pico/Downloads/pico-sdk/src/rp2_common/pico_printf/printf.c.obj
 .rodata.__aeabi_double_init.str1.4
                0x10007fd8       0xc1 CMakeFiles/led.dir/C_/Users/zlhgl/ese5190_lab2/pico/Downloads/pico-sdk/src/rp2_common/pico_double/double_init_rom.c.obj
 *fill*         0x10008099        0x3 
 .rodata.__func__.0
                0x1000809c       0x14 CMakeFiles/led.dir/C_/Users/zlhgl/ese5190_lab2/pico/Downloads/pico-sdk/src/rp2_common/pico_double/double_init_rom.c.obj
 .rodata.__aeabi_float_init.str1.4
                0x100080b0       0x93 CMakeFiles/led.dir/C_/Users/zlhgl/ese5190_lab2/pico/Downloads/pico-sdk/src/rp2_common/pico_float/float_init_rom.c.obj
                                 0x97 (size before relaxing)
 *fill*         0x10008143        0x1 
 .rodata.__func__.0
                0x10008144       0x13 CMakeFiles/led.dir/C_/Users/zlhgl/ese5190_lab2/pico/Downloads/pico-sdk/src/rp2_common/pico_float/float_init_rom.c.obj
 *fill*         0x10008157        0x1 
 .rodata.str1.4
                0x10008158       0x38 CMakeFiles/led.dir/C_/Users/zlhgl/ese5190_lab2/pico/Downloads/pico-sdk/src/rp2_common/pico_standard_link/binary_info.c.obj
 .rodata.__bi_81
                0x10008190        0xc CMakeFiles/led.dir/C_/Users/zlhgl/ese5190_lab2/pico/Downloads/pico-sdk/src/rp2_common/pico_standard_link/binary_info.c.obj
 .rodata.__bi_75
                0x1000819c        0xc CMakeFiles/led.dir/C_/Users/zlhgl/ese5190_lab2/pico/Downloads/pico-sdk/src/rp2_common/pico_standard_link/binary_info.c.obj
 .rodata.__bi_44
                0x100081a8        0xc CMakeFiles/led.dir/C_/Users/zlhgl/ese5190_lab2/pico/Downloads/pico-sdk/src/rp2_common/pico_standard_link/binary_info.c.obj
 .rodata.crlf_str.3
                0x100081b4        0x2 CMakeFiles/led.dir/C_/Users/zlhgl/ese5190_lab2/pico/Downloads/pico-sdk/src/rp2_common/pico_stdio/stdio.c.obj
 *fill*         0x100081b6        0x2 
 .rodata.str1.4
                0x100081b8       0x2c CMakeFiles/led.dir/C_/Users/zlhgl/ese5190_lab2/pico/Downloads/pico-sdk/src/rp2_common/pico_stdio_uart/stdio_uart.c.obj
 .rodata.__bi_28.4
                0x100081e4        0xc CMakeFiles/led.dir/C_/Users/zlhgl/ese5190_lab2/pico/Downloads/pico-sdk/src/rp2_common/pico_stdio_uart/stdio_uart.c.obj
 .rodata.__bi_29.5
                0x100081f0        0x8 CMakeFiles/led.dir/C_/Users/zlhgl/ese5190_lab2/pico/Downloads/pico-sdk/src/rp2_common/pico_stdio_uart/stdio_uart.c.obj
 .rodata._resetd_driver
                0x100081f8       0x18 CMakeFiles/led.dir/C_/Users/zlhgl/ese5190_lab2/pico/Downloads/pico-sdk/src/rp2_common/pico_stdio_usb/reset_interface.c.obj
 .rodata.update_us_since_boot.str1.4
                0x10008210       0x7a CMakeFiles/led.dir/C_/Users/zlhgl/ese5190_lab2/pico/Downloads/pico-sdk/src/rp2_common/pico_stdio_usb/stdio_usb.c.obj
 .rodata.timer_task.str1.4
                0x10008210       0x86 CMakeFiles/led.dir/C_/Users/zlhgl/ese5190_lab2/pico/Downloads/pico-sdk/src/rp2_common/pico_stdio_usb/stdio_usb.c.obj
 *fill*         0x10008296        0x2 
 .rodata.__func__.0
                0x10008298       0x15 CMakeFiles/led.dir/C_/Users/zlhgl/ese5190_lab2/pico/Downloads/pico-sdk/src/rp2_common/pico_stdio_usb/stdio_usb.c.obj
 *fill*         0x100082ad        0x3 
 .rodata.__func__.1
                0x100082b0        0xb CMakeFiles/led.dir/C_/Users/zlhgl/ese5190_lab2/pico/Downloads/pico-sdk/src/rp2_common/pico_stdio_usb/stdio_usb.c.obj
 *fill*         0x100082bb        0x1 
 .rodata.str1.4
                0x100082bc       0x13 CMakeFiles/led.dir/C_/Users/zlhgl/ese5190_lab2/pico/Downloads/pico-sdk/src/rp2_common/pico_stdio_usb/stdio_usb.c.obj
 *fill*         0x100082cf        0x1 
 .rodata.__bi_118.2
                0x100082d0        0xc CMakeFiles/led.dir/C_/Users/zlhgl/ese5190_lab2/pico/Downloads/pico-sdk/src/rp2_common/pico_stdio_usb/stdio_usb.c.obj
 .rodata.str1.4
                0x100082dc       0x2a CMakeFiles/led.dir/C_/Users/zlhgl/ese5190_lab2/pico/Downloads/pico-sdk/src/rp2_common/pico_stdio_usb/stdio_usb_descriptors.c.obj
 *fill*         0x10008306        0x2 
 .rodata.usbd_desc_str
                0x10008308       0x18 CMakeFiles/led.dir/C_/Users/zlhgl/ese5190_lab2/pico/Downloads/pico-sdk/src/rp2_common/pico_stdio_usb/stdio_usb_descriptors.c.obj
 .rodata.usbd_desc_cfg
                0x10008320       0x54 CMakeFiles/led.dir/C_/Users/zlhgl/ese5190_lab2/pico/Downloads/pico-sdk/src/rp2_common/pico_stdio_usb/stdio_usb_descriptors.c.obj
 .rodata.usbd_desc_device
                0x10008374       0x12 CMakeFiles/led.dir/C_/Users/zlhgl/ese5190_lab2/pico/Downloads/pico-sdk/src/rp2_common/pico_stdio_usb/stdio_usb_descriptors.c.obj
 *fill*         0x10008386        0x2 
 .rodata._hw_endpoint_alloc.str1.4
                0x10008388       0xd1 CMakeFiles/led.dir/C_/Users/zlhgl/ese5190_lab2/pico/Downloads/pico-sdk/lib/tinyusb/src/portable/raspberrypi/rp2040/dcd_rp2040.c.obj
 *fill*         0x10008459        0x3 
 .rodata.dcd_rp2040_irq.str1.4
                0x1000845c       0x14 CMakeFiles/led.dir/C_/Users/zlhgl/ese5190_lab2/pico/Downloads/pico-sdk/lib/tinyusb/src/portable/raspberrypi/rp2040/dcd_rp2040.c.obj
 .rodata.dcd_int_enable.str1.4
                0x10008470        0xc CMakeFiles/led.dir/C_/Users/zlhgl/ese5190_lab2/pico/Downloads/pico-sdk/lib/tinyusb/src/portable/raspberrypi/rp2040/dcd_rp2040.c.obj
 .rodata.__func__.0
                0x1000847c        0xe CMakeFiles/led.dir/C_/Users/zlhgl/ese5190_lab2/pico/Downloads/pico-sdk/lib/tinyusb/src/portable/raspberrypi/rp2040/dcd_rp2040.c.obj
 *fill*         0x1000848a        0x2 
 .rodata.__func__.1
                0x1000848c        0xe CMakeFiles/led.dir/C_/Users/zlhgl/ese5190_lab2/pico/Downloads/pico-sdk/lib/tinyusb/src/portable/raspberrypi/rp2040/dcd_rp2040.c.obj
 *fill*         0x1000849a        0x2 
 .rodata.__func__.3
                0x1000849c       0x10 CMakeFiles/led.dir/C_/Users/zlhgl/ese5190_lab2/pico/Downloads/pico-sdk/lib/tinyusb/src/portable/raspberrypi/rp2040/dcd_rp2040.c.obj
 .rodata.__func__.5
                0x100084ac        0xf CMakeFiles/led.dir/C_/Users/zlhgl/ese5190_lab2/pico/Downloads/pico-sdk/lib/tinyusb/src/portable/raspberrypi/rp2040/dcd_rp2040.c.obj
 *fill*         0x100084bb        0x1 
 .rodata.__func__.6
                0x100084bc       0x13 CMakeFiles/led.dir/C_/Users/zlhgl/ese5190_lab2/pico/Downloads/pico-sdk/lib/tinyusb/src/portable/raspberrypi/rp2040/dcd_rp2040.c.obj
 *fill*         0x100084cf        0x1 
 .rodata.__func__.7
                0x100084d0        0x9 CMakeFiles/led.dir/C_/Users/zlhgl/ese5190_lab2/pico/Downloads/pico-sdk/lib/tinyusb/src/portable/raspberrypi/rp2040/dcd_rp2040.c.obj
 *fill*         0x100084d9        0x3 
 .rodata.sync_ep_buffer.str1.4
                0x100084dc       0xad CMakeFiles/led.dir/C_/Users/zlhgl/ese5190_lab2/pico/Downloads/pico-sdk/lib/tinyusb/src/portable/raspberrypi/rp2040/rp2040_usb.c.obj
 *fill*         0x10008589        0x3 
 .rodata._hw_endpoint_buffer_control_update32.str1.4
                0x1000858c       0x1f CMakeFiles/led.dir/C_/Users/zlhgl/ese5190_lab2/pico/Downloads/pico-sdk/lib/tinyusb/src/portable/raspberrypi/rp2040/rp2040_usb.c.obj
 *fill*         0x100085ab        0x1 
 .rodata.hw_endpoint_xfer_start.str1.4
                0x100085ac       0x38 CMakeFiles/led.dir/C_/Users/zlhgl/ese5190_lab2/pico/Downloads/pico-sdk/lib/tinyusb/src/portable/raspberrypi/rp2040/rp2040_usb.c.obj
 .rodata.hw_endpoint_xfer_continue.str1.4
                0x100085e4       0x29 CMakeFiles/led.dir/C_/Users/zlhgl/ese5190_lab2/pico/Downloads/pico-sdk/lib/tinyusb/src/portable/raspberrypi/rp2040/rp2040_usb.c.obj
 *fill*         0x1000860d        0x3 
 .rodata.__func__.0
                0x10008610        0xf CMakeFiles/led.dir/C_/Users/zlhgl/ese5190_lab2/pico/Downloads/pico-sdk/lib/tinyusb/src/portable/raspberrypi/rp2040/rp2040_usb.c.obj
 .rodata.str1.4
                0x1000861f       0x29 CMakeFiles/led.dir/C_/Users/zlhgl/ese5190_lab2/pico/Downloads/pico-sdk/lib/tinyusb/src/portable/raspberrypi/rp2040/rp2040_usb.c.obj
                                  0x7 (size before relaxing)
 *fill*         0x1000861f        0x1 
 .rodata.process_set_config.str1.4
                0x10008620       0x17 CMakeFiles/led.dir/C_/Users/zlhgl/ese5190_lab2/pico/Downloads/pico-sdk/lib/tinyusb/src/device/usbd.c.obj
 *fill*         0x10008637        0x1 
 .rodata.process_get_descriptor
                0x10008638       0x40 CMakeFiles/led.dir/C_/Users/zlhgl/ese5190_lab2/pico/Downloads/pico-sdk/lib/tinyusb/src/device/usbd.c.obj
 .rodata.process_control_request
                0x10008678       0x28 CMakeFiles/led.dir/C_/Users/zlhgl/ese5190_lab2/pico/Downloads/pico-sdk/lib/tinyusb/src/device/usbd.c.obj
 .rodata.tud_task
                0x100086a0       0x24 CMakeFiles/led.dir/C_/Users/zlhgl/ese5190_lab2/pico/Downloads/pico-sdk/lib/tinyusb/src/device/usbd.c.obj
 .rodata.__func__.2
                0x100086c4        0xf CMakeFiles/led.dir/C_/Users/zlhgl/ese5190_lab2/pico/Downloads/pico-sdk/lib/tinyusb/src/device/usbd.c.obj
 *fill*         0x100086d3        0x1 
 .rodata.__func__.3
                0x100086d4        0xf CMakeFiles/led.dir/C_/Users/zlhgl/ese5190_lab2/pico/Downloads/pico-sdk/lib/tinyusb/src/device/usbd.c.obj
 *fill*         0x100086e3        0x1 
 .rodata.__func__.4
                0x100086e4       0x14 CMakeFiles/led.dir/C_/Users/zlhgl/ese5190_lab2/pico/Downloads/pico-sdk/lib/tinyusb/src/device/usbd.c.obj
 .rodata.__func__.5
                0x100086f8       0x10 CMakeFiles/led.dir/C_/Users/zlhgl/ese5190_lab2/pico/Downloads/pico-sdk/lib/tinyusb/src/device/usbd.c.obj
 .rodata.__func__.6
                0x10008708       0x17 CMakeFiles/led.dir/C_/Users/zlhgl/ese5190_lab2/pico/Downloads/pico-sdk/lib/tinyusb/src/device/usbd.c.obj
 *fill*         0x1000871f        0x1 
 .rodata.__func__.7
                0x10008720       0x13 CMakeFiles/led.dir/C_/Users/zlhgl/ese5190_lab2/pico/Downloads/pico-sdk/lib/tinyusb/src/device/usbd.c.obj
 *fill*         0x10008733        0x1 
 .rodata.__func__.8
                0x10008734       0x18 CMakeFiles/led.dir/C_/Users/zlhgl/ese5190_lab2/pico/Downloads/pico-sdk/lib/tinyusb/src/device/usbd.c.obj
 .rodata.__func__.9
                0x1000874c        0x9 CMakeFiles/led.dir/C_/Users/zlhgl/ese5190_lab2/pico/Downloads/pico-sdk/lib/tinyusb/src/device/usbd.c.obj
 *fill*         0x10008755        0x3 
 .rodata._usbd_driver
                0x10008758       0x18 CMakeFiles/led.dir/C_/Users/zlhgl/ese5190_lab2/pico/Downloads/pico-sdk/lib/tinyusb/src/device/usbd.c.obj
 .rodata.tud_control_xfer.str1.4
                0x10008770       0x17 CMakeFiles/led.dir/C_/Users/zlhgl/ese5190_lab2/pico/Downloads/pico-sdk/lib/tinyusb/src/device/usbd_control.c.obj
 .rodata.__func__.0
                0x10008770       0x15 CMakeFiles/led.dir/C_/Users/zlhgl/ese5190_lab2/pico/Downloads/pico-sdk/lib/tinyusb/src/device/usbd_control.c.obj
 *fill*         0x10008785        0x3 
 .rodata.__func__.1
                0x10008788       0x11 CMakeFiles/led.dir/C_/Users/zlhgl/ese5190_lab2/pico/Downloads/pico-sdk/lib/tinyusb/src/device/usbd_control.c.obj
 .rodata.tud_cdc_n_write_flush.str1.4
                0x10008799       0x17 CMakeFiles/led.dir/C_/Users/zlhgl/ese5190_lab2/pico/Downloads/pico-sdk/lib/tinyusb/src/class/cdc/cdc_device.c.obj
 *fill*         0x10008799        0x3 
 .rodata.__func__.0
                0x1000879c        0xd CMakeFiles/led.dir/C_/Users/zlhgl/ese5190_lab2/pico/Downloads/pico-sdk/lib/tinyusb/src/class/cdc/cdc_device.c.obj
 *fill*         0x100087a9        0x3 
 .rodata.__func__.1
                0x100087ac        0xa CMakeFiles/led.dir/C_/Users/zlhgl/ese5190_lab2/pico/Downloads/pico-sdk/lib/tinyusb/src/class/cdc/cdc_device.c.obj
 *fill*         0x100087b6        0x2 
 .rodata.__func__.2
                0x100087b8       0x16 CMakeFiles/led.dir/C_/Users/zlhgl/ese5190_lab2/pico/Downloads/pico-sdk/lib/tinyusb/src/class/cdc/cdc_device.c.obj
 .rodata.tusb_init.str1.4
                0x100087ce       0x17 CMakeFiles/led.dir/C_/Users/zlhgl/ese5190_lab2/pico/Downloads/pico-sdk/lib/tinyusb/src/tusb.c.obj
 *fill*         0x100087ce        0x2 
 .rodata.__func__.0
                0x100087d0       0x11 CMakeFiles/led.dir/C_/Users/zlhgl/ese5190_lab2/pico/Downloads/pico-sdk/lib/tinyusb/src/tusb.c.obj
 *fill*         0x100087e1        0x3 
 .rodata.__func__.1
                0x100087e4        0xa CMakeFiles/led.dir/C_/Users/zlhgl/ese5190_lab2/pico/Downloads/pico-sdk/lib/tinyusb/src/tusb.c.obj
 *fill*         0x100087ee        0x2 
 .rodata.pico_get_unique_board_id_string.str1.4
                0x100087f0       0x66 CMakeFiles/led.dir/C_/Users/zlhgl/ese5190_lab2/pico/Downloads/pico-sdk/src/rp2_common/pico_unique_id/unique_id.c.obj
 *fill*         0x10008856        0x2 
 .rodata.__func__.0
                0x10008858       0x20 CMakeFiles/led.dir/C_/Users/zlhgl/ese5190_lab2/pico/Downloads/pico-sdk/src/rp2_common/pico_unique_id/unique_id.c.obj
 .rodata.str1.4
                0x10008878      0x172 CMakeFiles/led.dir/C_/Users/zlhgl/ese5190_lab2/pico/Downloads/pico-sdk/src/rp2_common/hardware_flash/flash.c.obj
 *fill*         0x100089ea        0x2 
 .rodata.__func__.0
                0x100089ec        0xd CMakeFiles/led.dir/C_/Users/zlhgl/ese5190_lab2/pico/Downloads/pico-sdk/src/rp2_common/hardware_flash/flash.c.obj
                0x100089fc                        . = ALIGN (0x4)